Archive member included to satisfy reference by file (symbol)

c:/program files (x86)/gnu tools arm embedded/5.2 2015q4/bin/../lib/gcc/arm-none-eabi/5.2.1/armv7e-m\libgcc.a(_arm_addsubsf3.o)
                              ..\obj\tm_stm32f4_lis302dl_lis3dsh.o (__aeabi_i2f)
c:/program files (x86)/gnu tools arm embedded/5.2 2015q4/bin/../lib/gcc/arm-none-eabi/5.2.1/armv7e-m\libgcc.a(_arm_muldivsf3.o)
                              ..\obj\tm_stm32f4_lis302dl_lis3dsh.o (__aeabi_fmul)
c:/program files (x86)/gnu tools arm embedded/5.2 2015q4/bin/../lib/gcc/arm-none-eabi/5.2.1/armv7e-m\libgcc.a(_arm_fixsfsi.o)
                              ..\obj\tm_stm32f4_lis302dl_lis3dsh.o (__aeabi_f2iz)
c:/program files (x86)/gnu tools arm embedded/5.2 2015q4/bin/../lib/gcc/arm-none-eabi/5.2.1/../../../../arm-none-eabi/lib/armv7e-m\libg.a(lib_a-malloc.o)
                              ..\obj\tm_stm32f4_delay.o (malloc)
c:/program files (x86)/gnu tools arm embedded/5.2 2015q4/bin/../lib/gcc/arm-none-eabi/5.2.1/../../../../arm-none-eabi/lib/armv7e-m\libg.a(lib_a-mallocr.o)
                              c:/program files (x86)/gnu tools arm embedded/5.2 2015q4/bin/../lib/gcc/arm-none-eabi/5.2.1/../../../../arm-none-eabi/lib/armv7e-m\libg.a(lib_a-malloc.o) (_malloc_r)
c:/program files (x86)/gnu tools arm embedded/5.2 2015q4/bin/../lib/gcc/arm-none-eabi/5.2.1/../../../../arm-none-eabi/lib/armv7e-m\libg.a(lib_a-mlock.o)
                              c:/program files (x86)/gnu tools arm embedded/5.2 2015q4/bin/../lib/gcc/arm-none-eabi/5.2.1/../../../../arm-none-eabi/lib/armv7e-m\libg.a(lib_a-mallocr.o) (__malloc_lock)
c:/program files (x86)/gnu tools arm embedded/5.2 2015q4/bin/../lib/gcc/arm-none-eabi/5.2.1/../../../../arm-none-eabi/lib/armv7e-m\libg.a(lib_a-sbrkr.o)
                              c:/program files (x86)/gnu tools arm embedded/5.2 2015q4/bin/../lib/gcc/arm-none-eabi/5.2.1/../../../../arm-none-eabi/lib/armv7e-m\libg.a(lib_a-mallocr.o) (_sbrk_r)
c:/program files (x86)/gnu tools arm embedded/5.2 2015q4/bin/../lib/gcc/arm-none-eabi/5.2.1/../../../../arm-none-eabi/lib/armv7e-m\libg.a(lib_a-freer.o)
                              c:/program files (x86)/gnu tools arm embedded/5.2 2015q4/bin/../lib/gcc/arm-none-eabi/5.2.1/../../../../arm-none-eabi/lib/armv7e-m\libg.a(lib_a-malloc.o) (_free_r)
c:/program files (x86)/gnu tools arm embedded/5.2 2015q4/bin/../lib/gcc/arm-none-eabi/5.2.1/../../../../arm-none-eabi/lib/armv7e-m\libg.a(lib_a-impure.o)
                              c:/program files (x86)/gnu tools arm embedded/5.2 2015q4/bin/../lib/gcc/arm-none-eabi/5.2.1/../../../../arm-none-eabi/lib/armv7e-m\libg.a(lib_a-malloc.o) (_impure_ptr)
c:/program files (x86)/gnu tools arm embedded/5.2 2015q4/bin/../lib/gcc/arm-none-eabi/5.2.1/../../../../arm-none-eabi/lib/armv7e-m\libg.a(lib_a-reent.o)
                              c:/program files (x86)/gnu tools arm embedded/5.2 2015q4/bin/../lib/gcc/arm-none-eabi/5.2.1/../../../../arm-none-eabi/lib/armv7e-m\libg.a(lib_a-sbrkr.o) (errno)

Allocating common symbols
Common symbol       size              file

ticker              0x4               ..\obj\main.o
APP_Tx_Buffer       0x80              ..\obj\usbd_cdc_vcp.o
TM_LIS3DSH_INT_Sensitivity
                    0x4               ..\obj\tm_stm32f4_lis302dl_lis3dsh.o
errno               0x4               c:/program files (x86)/gnu tools arm embedded/5.2 2015q4/bin/../lib/gcc/arm-none-eabi/5.2.1/../../../../arm-none-eabi/lib/armv7e-m\libg.a(lib_a-reent.o)
usbd_cdc_OtherCfgDesc
                    0x43              ..\obj\usbd_cdc_core.o
APP_tx_ptr_tail     0x4               ..\obj\usbd_cdc_vcp.o
downTicker          0x4               ..\obj\main.o
USB_Rx_Buffer       0x40              ..\obj\usbd_cdc_core.o
USART_InitStructure
                    0x10              ..\obj\usbd_cdc_vcp.o
CmdBuff             0x8               ..\obj\usbd_cdc_core.o
USB_OTG_dev         0x5f0             ..\obj\main.o
mult                0x4               ..\obj\tm_stm32f4_delay.o
APP_Rx_Buffer       0x800             ..\obj\usbd_cdc_core.o
USBD_StrDesc        0x32              ..\obj\usbd_req.o
APP_tx_ptr_head     0x4               ..\obj\usbd_cdc_vcp.o

Discarded input sections

 .text          0x00000000        0x0 ..\obj\usb_core.o
 .data          0x00000000        0x0 ..\obj\usb_core.o
 .bss           0x00000000        0x0 ..\obj\usb_core.o
 .text.USB_OTG_IsHostMode
                0x00000000       0x24 ..\obj\usb_core.o
 .text.USB_OTG_ReadOtgItr
                0x00000000       0x18 ..\obj\usb_core.o
 .text.USB_OTG_ActiveRemoteWakeup
                0x00000000       0x90 ..\obj\usb_core.o
 .text.USB_OTG_StopDevice
                0x00000000       0x80 ..\obj\usb_core.o
 .text.USB_OTG_GetEPStatus
                0x00000000       0xac ..\obj\usb_core.o
 .text.USB_OTG_SetEPStatus
                0x00000000      0x12c ..\obj\usb_core.o
 .text          0x00000000        0x0 ..\obj\usbd_usr.o
 .bss           0x00000000        0x0 ..\obj\usbd_usr.o
 .text          0x00000000        0x0 ..\obj\stm32f4xx_usart.o
 .data          0x00000000        0x0 ..\obj\stm32f4xx_usart.o
 .bss           0x00000000        0x0 ..\obj\stm32f4xx_usart.o
 .text.USART_DeInit
                0x00000000       0xd4 ..\obj\stm32f4xx_usart.o
 .text.USART_Init
                0x00000000      0x178 ..\obj\stm32f4xx_usart.o
 .text.USART_StructInit
                0x00000000       0x38 ..\obj\stm32f4xx_usart.o
 .text.USART_ClockInit
                0x00000000       0x54 ..\obj\stm32f4xx_usart.o
 .text.USART_ClockStructInit
                0x00000000       0x2c ..\obj\stm32f4xx_usart.o
 .text.USART_Cmd
                0x00000000       0x40 ..\obj\stm32f4xx_usart.o
 .text.USART_SetPrescaler
                0x00000000       0x38 ..\obj\stm32f4xx_usart.o
 .text.USART_OverSampling8Cmd
                0x00000000       0x44 ..\obj\stm32f4xx_usart.o
 .text.USART_OneBitMethodCmd
                0x00000000       0x40 ..\obj\stm32f4xx_usart.o
 .text.USART_SendData
                0x00000000       0x24 ..\obj\stm32f4xx_usart.o
 .text.USART_ReceiveData
                0x00000000       0x20 ..\obj\stm32f4xx_usart.o
 .text.USART_SetAddress
                0x00000000       0x38 ..\obj\stm32f4xx_usart.o
 .text.USART_ReceiverWakeUpCmd
                0x00000000       0x40 ..\obj\stm32f4xx_usart.o
 .text.USART_WakeUpConfig
                0x00000000       0x38 ..\obj\stm32f4xx_usart.o
 .text.USART_LINBreakDetectLengthConfig
                0x00000000       0x38 ..\obj\stm32f4xx_usart.o
 .text.USART_LINCmd
                0x00000000       0x40 ..\obj\stm32f4xx_usart.o
 .text.USART_SendBreak
                0x00000000       0x24 ..\obj\stm32f4xx_usart.o
 .text.USART_HalfDuplexCmd
                0x00000000       0x40 ..\obj\stm32f4xx_usart.o
 .text.USART_SetGuardTime
                0x00000000       0x3c ..\obj\stm32f4xx_usart.o
 .text.USART_SmartCardCmd
                0x00000000       0x40 ..\obj\stm32f4xx_usart.o
 .text.USART_SmartCardNACKCmd
                0x00000000       0x40 ..\obj\stm32f4xx_usart.o
 .text.USART_IrDAConfig
                0x00000000       0x38 ..\obj\stm32f4xx_usart.o
 .text.USART_IrDACmd
                0x00000000       0x40 ..\obj\stm32f4xx_usart.o
 .text.USART_DMACmd
                0x00000000       0x48 ..\obj\stm32f4xx_usart.o
 .text.USART_ITConfig
                0x00000000       0x90 ..\obj\stm32f4xx_usart.o
 .text.USART_GetFlagStatus
                0x00000000       0x38 ..\obj\stm32f4xx_usart.o
 .text.USART_ClearFlag
                0x00000000       0x20 ..\obj\stm32f4xx_usart.o
 .text.USART_GetITStatus
                0x00000000       0xb4 ..\obj\stm32f4xx_usart.o
 .text.USART_ClearITPendingBit
                0x00000000       0x38 ..\obj\stm32f4xx_usart.o
 .debug_info    0x00000000      0x9ca ..\obj\stm32f4xx_usart.o
 .debug_abbrev  0x00000000      0x157 ..\obj\stm32f4xx_usart.o
 .debug_aranges
                0x00000000      0x100 ..\obj\stm32f4xx_usart.o
 .debug_ranges  0x00000000       0xf0 ..\obj\stm32f4xx_usart.o
 .debug_line    0x00000000      0x4b1 ..\obj\stm32f4xx_usart.o
 .debug_str     0x00000000      0x685 ..\obj\stm32f4xx_usart.o
 .comment       0x00000000       0x6f ..\obj\stm32f4xx_usart.o
 .debug_frame   0x00000000      0x490 ..\obj\stm32f4xx_usart.o
 .ARM.attributes
                0x00000000       0x33 ..\obj\stm32f4xx_usart.o
 .text          0x00000000        0x0 ..\obj\tm_stm32f4_disco.o
 .data          0x00000000        0x0 ..\obj\tm_stm32f4_disco.o
 .bss           0x00000000        0x1 ..\obj\tm_stm32f4_disco.o
 .text.TM_DISCO_ButtonInit
                0x00000000       0x24 ..\obj\tm_stm32f4_disco.o
 .text.TM_DISCO_ButtonOnPressed
                0x00000000       0x3c ..\obj\tm_stm32f4_disco.o
 .text.TM_DISCO_ButtonOnReleased
                0x00000000       0x3c ..\obj\tm_stm32f4_disco.o
 .text          0x00000000        0x0 ..\obj\startup_stm32f4xx.o
 .data          0x00000000        0x0 ..\obj\startup_stm32f4xx.o
 .bss           0x00000000        0x0 ..\obj\startup_stm32f4xx.o
 .text          0x00000000        0x0 ..\obj\usbd_core.o
 .bss           0x00000000        0x0 ..\obj\usbd_core.o
 .text          0x00000000        0x0 ..\obj\main.o
 .data          0x00000000        0x0 ..\obj\main.o
 .bss           0x00000000        0x0 ..\obj\main.o
 .text          0x00000000        0x0 ..\obj\stm32f4xx_rcc.o
 .data          0x00000000       0x10 ..\obj\stm32f4xx_rcc.o
 .bss           0x00000000        0x0 ..\obj\stm32f4xx_rcc.o
 .text.RCC_DeInit
                0x00000000       0x50 ..\obj\stm32f4xx_rcc.o
 .text.RCC_HSEConfig
                0x00000000       0x24 ..\obj\stm32f4xx_rcc.o
 .text.RCC_WaitForHSEStartUp
                0x00000000       0x50 ..\obj\stm32f4xx_rcc.o
 .text.RCC_AdjustHSICalibrationValue
                0x00000000       0x3c ..\obj\stm32f4xx_rcc.o
 .text.RCC_HSICmd
                0x00000000       0x20 ..\obj\stm32f4xx_rcc.o
 .text.RCC_LSEConfig
                0x00000000       0x40 ..\obj\stm32f4xx_rcc.o
 .text.RCC_LSICmd
                0x00000000       0x20 ..\obj\stm32f4xx_rcc.o
 .text.RCC_PLLConfig
                0x00000000       0x3c ..\obj\stm32f4xx_rcc.o
 .text.RCC_PLLCmd
                0x00000000       0x20 ..\obj\stm32f4xx_rcc.o
 .text.RCC_PLLI2SConfig
                0x00000000       0x28 ..\obj\stm32f4xx_rcc.o
 .text.RCC_PLLI2SCmd
                0x00000000       0x20 ..\obj\stm32f4xx_rcc.o
 .text.RCC_ClockSecuritySystemCmd
                0x00000000       0x20 ..\obj\stm32f4xx_rcc.o
 .text.RCC_MCO1Config
                0x00000000       0x3c ..\obj\stm32f4xx_rcc.o
 .text.RCC_MCO2Config
                0x00000000       0x3c ..\obj\stm32f4xx_rcc.o
 .text.RCC_SYSCLKConfig
                0x00000000       0x38 ..\obj\stm32f4xx_rcc.o
 .text.RCC_GetSYSCLKSource
                0x00000000       0x1c ..\obj\stm32f4xx_rcc.o
 .text.RCC_HCLKConfig
                0x00000000       0x38 ..\obj\stm32f4xx_rcc.o
 .text.RCC_PCLK1Config
                0x00000000       0x38 ..\obj\stm32f4xx_rcc.o
 .text.RCC_PCLK2Config
                0x00000000       0x38 ..\obj\stm32f4xx_rcc.o
 .text.RCC_GetClocksFreq
                0x00000000      0x154 ..\obj\stm32f4xx_rcc.o
 .text.RCC_RTCCLKConfig
                0x00000000       0x5c ..\obj\stm32f4xx_rcc.o
 .text.RCC_RTCCLKCmd
                0x00000000       0x20 ..\obj\stm32f4xx_rcc.o
 .text.RCC_BackupResetCmd
                0x00000000       0x20 ..\obj\stm32f4xx_rcc.o
 .text.RCC_I2SCLKConfig
                0x00000000       0x1c ..\obj\stm32f4xx_rcc.o
 .text.RCC_AHB3PeriphClockCmd
                0x00000000       0x3c ..\obj\stm32f4xx_rcc.o
 .text.RCC_APB1PeriphClockCmd
                0x00000000       0x3c ..\obj\stm32f4xx_rcc.o
 .text.RCC_AHB1PeriphResetCmd
                0x00000000       0x3c ..\obj\stm32f4xx_rcc.o
 .text.RCC_AHB2PeriphResetCmd
                0x00000000       0x3c ..\obj\stm32f4xx_rcc.o
 .text.RCC_AHB3PeriphResetCmd
                0x00000000       0x3c ..\obj\stm32f4xx_rcc.o
 .text.RCC_APB2PeriphResetCmd
                0x00000000       0x3c ..\obj\stm32f4xx_rcc.o
 .text.RCC_AHB1PeriphClockLPModeCmd
                0x00000000       0x3c ..\obj\stm32f4xx_rcc.o
 .text.RCC_AHB2PeriphClockLPModeCmd
                0x00000000       0x3c ..\obj\stm32f4xx_rcc.o
 .text.RCC_AHB3PeriphClockLPModeCmd
                0x00000000       0x3c ..\obj\stm32f4xx_rcc.o
 .text.RCC_APB1PeriphClockLPModeCmd
                0x00000000       0x3c ..\obj\stm32f4xx_rcc.o
 .text.RCC_APB2PeriphClockLPModeCmd
                0x00000000       0x3c ..\obj\stm32f4xx_rcc.o
 .text.RCC_ITConfig
                0x00000000       0x4c ..\obj\stm32f4xx_rcc.o
 .text.RCC_GetFlagStatus
                0x00000000       0x74 ..\obj\stm32f4xx_rcc.o
 .text.RCC_ClearFlag
                0x00000000       0x1c ..\obj\stm32f4xx_rcc.o
 .text.RCC_GetITStatus
                0x00000000       0x34 ..\obj\stm32f4xx_rcc.o
 .text.RCC_ClearITPendingBit
                0x00000000       0x20 ..\obj\stm32f4xx_rcc.o
 .text          0x00000000        0x0 ..\obj\tm_stm32f4_lis302dl_lis3dsh.o
 .data          0x00000000        0x0 ..\obj\tm_stm32f4_lis302dl_lis3dsh.o
 .text          0x00000000        0x0 ..\obj\tm_stm32f4_delay.o
 .data          0x00000000        0x0 ..\obj\tm_stm32f4_delay.o
 .text.TM_DELAY_EnableDelayTimer
                0x00000000       0x2c ..\obj\tm_stm32f4_delay.o
 .text.TM_DELAY_DisableDelayTimer
                0x00000000       0x1c ..\obj\tm_stm32f4_delay.o
 .text.TM_DELAY_TimerCreate
                0x00000000       0x7c ..\obj\tm_stm32f4_delay.o
 .text.TM_DELAY_TimerDelete
                0x00000000       0xa8 ..\obj\tm_stm32f4_delay.o
 .text.TM_DELAY_TimerStop
                0x00000000       0x1c ..\obj\tm_stm32f4_delay.o
 .text.TM_DELAY_TimerStart
                0x00000000       0x1c ..\obj\tm_stm32f4_delay.o
 .text.TM_DELAY_TimerReset
                0x00000000       0x1c ..\obj\tm_stm32f4_delay.o
 .text.TM_DELAY_TimerAutoReload
                0x00000000       0x20 ..\obj\tm_stm32f4_delay.o
 .text.TM_DELAY_TimerAutoReloadValue
                0x00000000       0x1c ..\obj\tm_stm32f4_delay.o
 .text          0x00000000        0x0 ..\obj\usbd_desc.o
 .bss           0x00000000        0x0 ..\obj\usbd_desc.o
 .text          0x00000000        0x0 ..\obj\tm_stm32f4_spi.o
 .data          0x00000000        0x0 ..\obj\tm_stm32f4_spi.o
 .bss           0x00000000        0x0 ..\obj\tm_stm32f4_spi.o
 .text.TM_SPI_InitWithMode
                0x00000000       0x80 ..\obj\tm_stm32f4_spi.o
 .text.TM_SPI_InitFull
                0x00000000       0x88 ..\obj\tm_stm32f4_spi.o
 .text.TM_SPI_GetPrescalerFromMaxFrequency
                0x00000000       0x68 ..\obj\tm_stm32f4_spi.o
 .text.TM_SPI_SetDataSize
                0x00000000       0x78 ..\obj\tm_stm32f4_spi.o
 .text.TM_SPI_SendMulti
                0x00000000       0x98 ..\obj\tm_stm32f4_spi.o
 .text.TM_SPI_SendMulti16
                0x00000000       0x98 ..\obj\tm_stm32f4_spi.o
 .text.TM_SPI_WriteMulti16
                0x00000000       0x88 ..\obj\tm_stm32f4_spi.o
 .text.TM_SPI_ReadMulti16
                0x00000000       0x90 ..\obj\tm_stm32f4_spi.o
 .text          0x00000000        0x0 ..\obj\stm32f4xx_gpio.o
 .data          0x00000000        0x0 ..\obj\stm32f4xx_gpio.o
 .bss           0x00000000        0x0 ..\obj\stm32f4xx_gpio.o
 .text.GPIO_DeInit
                0x00000000      0x120 ..\obj\stm32f4xx_gpio.o
 .text.GPIO_StructInit
                0x00000000       0x34 ..\obj\stm32f4xx_gpio.o
 .text.GPIO_PinLockConfig
                0x00000000       0x44 ..\obj\stm32f4xx_gpio.o
 .text.GPIO_ReadInputDataBit
                0x00000000       0x34 ..\obj\stm32f4xx_gpio.o
 .text.GPIO_ReadInputData
                0x00000000       0x18 ..\obj\stm32f4xx_gpio.o
 .text.GPIO_ReadOutputDataBit
                0x00000000       0x34 ..\obj\stm32f4xx_gpio.o
 .text.GPIO_ReadOutputData
                0x00000000       0x18 ..\obj\stm32f4xx_gpio.o
 .text.GPIO_SetBits
                0x00000000       0x1c ..\obj\stm32f4xx_gpio.o
 .text.GPIO_ResetBits
                0x00000000       0x1c ..\obj\stm32f4xx_gpio.o
 .text.GPIO_WriteBit
                0x00000000       0x30 ..\obj\stm32f4xx_gpio.o
 .text.GPIO_Write
                0x00000000       0x1c ..\obj\stm32f4xx_gpio.o
 .text.GPIO_ToggleBits
                0x00000000       0x24 ..\obj\stm32f4xx_gpio.o
 .text          0x00000000        0x0 ..\obj\usbd_cdc_vcp.o
 .bss           0x00000000        0x0 ..\obj\usbd_cdc_vcp.o
 .text.VCP_send_str
                0x00000000       0x30 ..\obj\usbd_cdc_vcp.o
 .text.VCP_send_buffer
                0x00000000       0x1c ..\obj\usbd_cdc_vcp.o
 .text.VCP_get_string
                0x00000000      0x11c ..\obj\usbd_cdc_vcp.o
 .text.EVAL_COM_IRQHandler
                0x00000000        0xc ..\obj\usbd_cdc_vcp.o
 .text          0x00000000        0x0 ..\obj\system_stm32f4xx.o
 .bss           0x00000000        0x0 ..\obj\system_stm32f4xx.o
 .text.SystemCoreClockUpdate
                0x00000000       0xf8 ..\obj\system_stm32f4xx.o
 .text          0x00000000        0x0 ..\obj\usb_bsp.o
 .data          0x00000000        0x0 ..\obj\usb_bsp.o
 .bss           0x00000000        0x0 ..\obj\usb_bsp.o
 .text.USB_OTG_BSP_ConfigVBUS
                0x00000000       0x14 ..\obj\usb_bsp.o
 .text.USB_OTG_BSP_DriveVBUS
                0x00000000       0x18 ..\obj\usb_bsp.o
 .text          0x00000000        0x0 ..\obj\usbd_req.o
 .data          0x00000000        0x0 ..\obj\usbd_req.o
 .text          0x00000000        0x0 ..\obj\usb_dcd_int.o
 .data          0x00000000        0x0 ..\obj\usb_dcd_int.o
 .bss           0x00000000        0x0 ..\obj\usb_dcd_int.o
 .text          0x00000000        0x0 ..\obj\usbd_cdc_core.o
 .text          0x00000000        0x0 ..\obj\stm32f4xx_spi.o
 .data          0x00000000        0x0 ..\obj\stm32f4xx_spi.o
 .bss           0x00000000        0x0 ..\obj\stm32f4xx_spi.o
 .text.SPI_I2S_DeInit
                0x00000000       0x74 ..\obj\stm32f4xx_spi.o
 .text.I2S_Init
                0x00000000      0x1b4 ..\obj\stm32f4xx_spi.o
 .text.I2S_StructInit
                0x00000000       0x38 ..\obj\stm32f4xx_spi.o
 .text.SPI_Cmd  0x00000000       0x40 ..\obj\stm32f4xx_spi.o
 .text.I2S_Cmd  0x00000000       0x40 ..\obj\stm32f4xx_spi.o
 .text.SPI_DataSizeConfig
                0x00000000       0x38 ..\obj\stm32f4xx_spi.o
 .text.SPI_BiDirectionalLineConfig
                0x00000000       0x40 ..\obj\stm32f4xx_spi.o
 .text.SPI_NSSInternalSoftwareConfig
                0x00000000       0x44 ..\obj\stm32f4xx_spi.o
 .text.SPI_SSOutputCmd
                0x00000000       0x40 ..\obj\stm32f4xx_spi.o
 .text.SPI_TIModeCmd
                0x00000000       0x40 ..\obj\stm32f4xx_spi.o
 .text.I2S_FullDuplexConfig
                0x00000000       0x9c ..\obj\stm32f4xx_spi.o
 .text.SPI_I2S_ReceiveData
                0x00000000       0x18 ..\obj\stm32f4xx_spi.o
 .text.SPI_I2S_SendData
                0x00000000       0x1c ..\obj\stm32f4xx_spi.o
 .text.SPI_CalculateCRC
                0x00000000       0x40 ..\obj\stm32f4xx_spi.o
 .text.SPI_TransmitCRC
                0x00000000       0x24 ..\obj\stm32f4xx_spi.o
 .text.SPI_GetCRC
                0x00000000       0x30 ..\obj\stm32f4xx_spi.o
 .text.SPI_GetCRCPolynomial
                0x00000000       0x18 ..\obj\stm32f4xx_spi.o
 .text.SPI_I2S_DMACmd
                0x00000000       0x48 ..\obj\stm32f4xx_spi.o
 .text.SPI_I2S_ITConfig
                0x00000000       0x60 ..\obj\stm32f4xx_spi.o
 .text.SPI_I2S_GetFlagStatus
                0x00000000       0x38 ..\obj\stm32f4xx_spi.o
 .text.SPI_I2S_ClearFlag
                0x00000000       0x20 ..\obj\stm32f4xx_spi.o
 .text.SPI_I2S_GetITStatus
                0x00000000       0x74 ..\obj\stm32f4xx_spi.o
 .text.SPI_I2S_ClearITPendingBit
                0x00000000       0x34 ..\obj\stm32f4xx_spi.o
 .text          0x00000000        0x0 ..\obj\stm32f4xx_exti.o
 .data          0x00000000        0x0 ..\obj\stm32f4xx_exti.o
 .bss           0x00000000        0x0 ..\obj\stm32f4xx_exti.o
 .text.EXTI_DeInit
                0x00000000       0x34 ..\obj\stm32f4xx_exti.o
 .text.EXTI_Init
                0x00000000       0xe4 ..\obj\stm32f4xx_exti.o
 .text.EXTI_StructInit
                0x00000000       0x2c ..\obj\stm32f4xx_exti.o
 .text.EXTI_GenerateSWInterrupt
                0x00000000       0x24 ..\obj\stm32f4xx_exti.o
 .text.EXTI_GetFlagStatus
                0x00000000       0x34 ..\obj\stm32f4xx_exti.o
 .text.EXTI_ClearFlag
                0x00000000       0x1c ..\obj\stm32f4xx_exti.o
 .text.EXTI_GetITStatus
                0x00000000       0x48 ..\obj\stm32f4xx_exti.o
 .text          0x00000000        0x0 ..\obj\misc.o
 .data          0x00000000        0x0 ..\obj\misc.o
 .bss           0x00000000        0x0 ..\obj\misc.o
 .text.NVIC_SetVectorTable
                0x00000000       0x2c ..\obj\misc.o
 .text.NVIC_SystemLPConfig
                0x00000000       0x40 ..\obj\misc.o
 .text.SysTick_CLKSourceConfig
                0x00000000       0x38 ..\obj\misc.o
 .text          0x00000000        0x0 ..\obj\usb_dcd.o
 .data          0x00000000        0x0 ..\obj\usb_dcd.o
 .bss           0x00000000        0x0 ..\obj\usb_dcd.o
 .text.DCD_EP_Flush
                0x00000000       0x34 ..\obj\usb_dcd.o
 .text.DCD_DevConnect
                0x00000000       0x30 ..\obj\usb_dcd.o
 .text.DCD_DevDisconnect
                0x00000000       0x30 ..\obj\usb_dcd.o
 .text.DCD_GetEPStatus
                0x00000000       0x5c ..\obj\usb_dcd.o
 .text.DCD_SetEPStatus
                0x00000000       0x58 ..\obj\usb_dcd.o
 .text          0x00000000        0x0 ..\obj\tm_stm32f4_gpio.o
 .data          0x00000000        0x0 ..\obj\tm_stm32f4_gpio.o
 .text.TM_GPIO_DeInit
                0x00000000       0x80 ..\obj\tm_stm32f4_gpio.o
 .text.TM_GPIO_SetPinAsInput
                0x00000000       0x50 ..\obj\tm_stm32f4_gpio.o
 .text.TM_GPIO_SetPinAsOutput
                0x00000000       0x5c ..\obj\tm_stm32f4_gpio.o
 .text.TM_GPIO_SetPinAsAnalog
                0x00000000       0x4c ..\obj\tm_stm32f4_gpio.o
 .text.TM_GPIO_SetPinAsAlternate
                0x00000000       0x60 ..\obj\tm_stm32f4_gpio.o
 .text.TM_GPIO_SetPullResistor
                0x00000000       0x64 ..\obj\tm_stm32f4_gpio.o
 .text.TM_GPIO_Lock
                0x00000000       0x38 ..\obj\tm_stm32f4_gpio.o
 .text.TM_GPIO_GetPinSource
                0x00000000       0x30 ..\obj\tm_stm32f4_gpio.o
 .text.TM_GPIO_INT_DisableClock
                0x00000000       0x30 ..\obj\tm_stm32f4_gpio.o
 .text.TM_GPIO_GetUsedPins
                0x00000000       0x24 ..\obj\tm_stm32f4_gpio.o
 .text.TM_GPIO_GetFreePins
                0x00000000       0x28 ..\obj\tm_stm32f4_gpio.o
 .text          0x00000000        0x0 ..\obj\usbd_ioreq.o
 .data          0x00000000        0x0 ..\obj\usbd_ioreq.o
 .bss           0x00000000        0x0 ..\obj\usbd_ioreq.o
 .text.USBD_GetRxCount
                0x00000000       0x2c ..\obj\usbd_ioreq.o
 .data          0x00000000        0x0 c:/program files (x86)/gnu tools arm embedded/5.2 2015q4/bin/../lib/gcc/arm-none-eabi/5.2.1/armv7e-m\libgcc.a(_arm_addsubsf3.o)
 .bss           0x00000000        0x0 c:/program files (x86)/gnu tools arm embedded/5.2 2015q4/bin/../lib/gcc/arm-none-eabi/5.2.1/armv7e-m\libgcc.a(_arm_addsubsf3.o)
 .data          0x00000000        0x0 c:/program files (x86)/gnu tools arm embedded/5.2 2015q4/bin/../lib/gcc/arm-none-eabi/5.2.1/armv7e-m\libgcc.a(_arm_muldivsf3.o)
 .bss           0x00000000        0x0 c:/program files (x86)/gnu tools arm embedded/5.2 2015q4/bin/../lib/gcc/arm-none-eabi/5.2.1/armv7e-m\libgcc.a(_arm_muldivsf3.o)
 .data          0x00000000        0x0 c:/program files (x86)/gnu tools arm embedded/5.2 2015q4/bin/../lib/gcc/arm-none-eabi/5.2.1/armv7e-m\libgcc.a(_arm_fixsfsi.o)
 .bss           0x00000000        0x0 c:/program files (x86)/gnu tools arm embedded/5.2 2015q4/bin/../lib/gcc/arm-none-eabi/5.2.1/armv7e-m\libgcc.a(_arm_fixsfsi.o)
 .text          0x00000000        0x0 c:/program files (x86)/gnu tools arm embedded/5.2 2015q4/bin/../lib/gcc/arm-none-eabi/5.2.1/../../../../arm-none-eabi/lib/armv7e-m\libg.a(lib_a-malloc.o)
 .data          0x00000000        0x0 c:/program files (x86)/gnu tools arm embedded/5.2 2015q4/bin/../lib/gcc/arm-none-eabi/5.2.1/../../../../arm-none-eabi/lib/armv7e-m\libg.a(lib_a-malloc.o)
 .bss           0x00000000        0x0 c:/program files (x86)/gnu tools arm embedded/5.2 2015q4/bin/../lib/gcc/arm-none-eabi/5.2.1/../../../../arm-none-eabi/lib/armv7e-m\libg.a(lib_a-malloc.o)
 .text.malloc   0x00000000       0x10 c:/program files (x86)/gnu tools arm embedded/5.2 2015q4/bin/../lib/gcc/arm-none-eabi/5.2.1/../../../../arm-none-eabi/lib/armv7e-m\libg.a(lib_a-malloc.o)
 .text.free     0x00000000       0x10 c:/program files (x86)/gnu tools arm embedded/5.2 2015q4/bin/../lib/gcc/arm-none-eabi/5.2.1/../../../../arm-none-eabi/lib/armv7e-m\libg.a(lib_a-malloc.o)
 .debug_frame   0x00000000       0x30 c:/program files (x86)/gnu tools arm embedded/5.2 2015q4/bin/../lib/gcc/arm-none-eabi/5.2.1/../../../../arm-none-eabi/lib/armv7e-m\libg.a(lib_a-malloc.o)
 .ARM.attributes
                0x00000000       0x2e c:/program files (x86)/gnu tools arm embedded/5.2 2015q4/bin/../lib/gcc/arm-none-eabi/5.2.1/../../../../arm-none-eabi/lib/armv7e-m\libg.a(lib_a-malloc.o)
 .text          0x00000000        0x0 c:/program files (x86)/gnu tools arm embedded/5.2 2015q4/bin/../lib/gcc/arm-none-eabi/5.2.1/../../../../arm-none-eabi/lib/armv7e-m\libg.a(lib_a-mallocr.o)
 .data          0x00000000        0x0 c:/program files (x86)/gnu tools arm embedded/5.2 2015q4/bin/../lib/gcc/arm-none-eabi/5.2.1/../../../../arm-none-eabi/lib/armv7e-m\libg.a(lib_a-mallocr.o)
 .bss           0x00000000        0x0 c:/program files (x86)/gnu tools arm embedded/5.2 2015q4/bin/../lib/gcc/arm-none-eabi/5.2.1/../../../../arm-none-eabi/lib/armv7e-m\libg.a(lib_a-mallocr.o)
 .text._malloc_r
                0x00000000      0x570 c:/program files (x86)/gnu tools arm embedded/5.2 2015q4/bin/../lib/gcc/arm-none-eabi/5.2.1/../../../../arm-none-eabi/lib/armv7e-m\libg.a(lib_a-mallocr.o)
 .data.__malloc_av_
                0x00000000      0x408 c:/program files (x86)/gnu tools arm embedded/5.2 2015q4/bin/../lib/gcc/arm-none-eabi/5.2.1/../../../../arm-none-eabi/lib/armv7e-m\libg.a(lib_a-mallocr.o)
 .data.__malloc_trim_threshold
                0x00000000        0x4 c:/program files (x86)/gnu tools arm embedded/5.2 2015q4/bin/../lib/gcc/arm-none-eabi/5.2.1/../../../../arm-none-eabi/lib/armv7e-m\libg.a(lib_a-mallocr.o)
 .bss.__malloc_max_total_mem
                0x00000000        0x4 c:/program files (x86)/gnu tools arm embedded/5.2 2015q4/bin/../lib/gcc/arm-none-eabi/5.2.1/../../../../arm-none-eabi/lib/armv7e-m\libg.a(lib_a-mallocr.o)
 .bss.__malloc_max_sbrked_mem
                0x00000000        0x4 c:/program files (x86)/gnu tools arm embedded/5.2 2015q4/bin/../lib/gcc/arm-none-eabi/5.2.1/../../../../arm-none-eabi/lib/armv7e-m\libg.a(lib_a-mallocr.o)
 .bss.__malloc_top_pad
                0x00000000        0x4 c:/program files (x86)/gnu tools arm embedded/5.2 2015q4/bin/../lib/gcc/arm-none-eabi/5.2.1/../../../../arm-none-eabi/lib/armv7e-m\libg.a(lib_a-mallocr.o)
 .bss.__malloc_current_mallinfo
                0x00000000       0x28 c:/program files (x86)/gnu tools arm embedded/5.2 2015q4/bin/../lib/gcc/arm-none-eabi/5.2.1/../../../../arm-none-eabi/lib/armv7e-m\libg.a(lib_a-mallocr.o)
 .data.__malloc_sbrk_base
                0x00000000        0x4 c:/program files (x86)/gnu tools arm embedded/5.2 2015q4/bin/../lib/gcc/arm-none-eabi/5.2.1/../../../../arm-none-eabi/lib/armv7e-m\libg.a(lib_a-mallocr.o)
 .debug_frame   0x00000000       0x58 c:/program files (x86)/gnu tools arm embedded/5.2 2015q4/bin/../lib/gcc/arm-none-eabi/5.2.1/../../../../arm-none-eabi/lib/armv7e-m\libg.a(lib_a-mallocr.o)
 .ARM.attributes
                0x00000000       0x2e c:/program files (x86)/gnu tools arm embedded/5.2 2015q4/bin/../lib/gcc/arm-none-eabi/5.2.1/../../../../arm-none-eabi/lib/armv7e-m\libg.a(lib_a-mallocr.o)
 .text          0x00000000        0x0 c:/program files (x86)/gnu tools arm embedded/5.2 2015q4/bin/../lib/gcc/arm-none-eabi/5.2.1/../../../../arm-none-eabi/lib/armv7e-m\libg.a(lib_a-mlock.o)
 .data          0x00000000        0x0 c:/program files (x86)/gnu tools arm embedded/5.2 2015q4/bin/../lib/gcc/arm-none-eabi/5.2.1/../../../../arm-none-eabi/lib/armv7e-m\libg.a(lib_a-mlock.o)
 .bss           0x00000000        0x0 c:/program files (x86)/gnu tools arm embedded/5.2 2015q4/bin/../lib/gcc/arm-none-eabi/5.2.1/../../../../arm-none-eabi/lib/armv7e-m\libg.a(lib_a-mlock.o)
 .text.__malloc_lock
                0x00000000        0x4 c:/program files (x86)/gnu tools arm embedded/5.2 2015q4/bin/../lib/gcc/arm-none-eabi/5.2.1/../../../../arm-none-eabi/lib/armv7e-m\libg.a(lib_a-mlock.o)
 .text.__malloc_unlock
                0x00000000        0x4 c:/program files (x86)/gnu tools arm embedded/5.2 2015q4/bin/../lib/gcc/arm-none-eabi/5.2.1/../../../../arm-none-eabi/lib/armv7e-m\libg.a(lib_a-mlock.o)
 .debug_frame   0x00000000       0x30 c:/program files (x86)/gnu tools arm embedded/5.2 2015q4/bin/../lib/gcc/arm-none-eabi/5.2.1/../../../../arm-none-eabi/lib/armv7e-m\libg.a(lib_a-mlock.o)
 .ARM.attributes
                0x00000000       0x2e c:/program files (x86)/gnu tools arm embedded/5.2 2015q4/bin/../lib/gcc/arm-none-eabi/5.2.1/../../../../arm-none-eabi/lib/armv7e-m\libg.a(lib_a-mlock.o)
 .text          0x00000000        0x0 c:/program files (x86)/gnu tools arm embedded/5.2 2015q4/bin/../lib/gcc/arm-none-eabi/5.2.1/../../../../arm-none-eabi/lib/armv7e-m\libg.a(lib_a-sbrkr.o)
 .data          0x00000000        0x0 c:/program files (x86)/gnu tools arm embedded/5.2 2015q4/bin/../lib/gcc/arm-none-eabi/5.2.1/../../../../arm-none-eabi/lib/armv7e-m\libg.a(lib_a-sbrkr.o)
 .bss           0x00000000        0x0 c:/program files (x86)/gnu tools arm embedded/5.2 2015q4/bin/../lib/gcc/arm-none-eabi/5.2.1/../../../../arm-none-eabi/lib/armv7e-m\libg.a(lib_a-sbrkr.o)
 .text._sbrk_r  0x00000000       0x24 c:/program files (x86)/gnu tools arm embedded/5.2 2015q4/bin/../lib/gcc/arm-none-eabi/5.2.1/../../../../arm-none-eabi/lib/armv7e-m\libg.a(lib_a-sbrkr.o)
 .debug_frame   0x00000000       0x2c c:/program files (x86)/gnu tools arm embedded/5.2 2015q4/bin/../lib/gcc/arm-none-eabi/5.2.1/../../../../arm-none-eabi/lib/armv7e-m\libg.a(lib_a-sbrkr.o)
 .ARM.attributes
                0x00000000       0x2e c:/program files (x86)/gnu tools arm embedded/5.2 2015q4/bin/../lib/gcc/arm-none-eabi/5.2.1/../../../../arm-none-eabi/lib/armv7e-m\libg.a(lib_a-sbrkr.o)
 .text          0x00000000        0x0 c:/program files (x86)/gnu tools arm embedded/5.2 2015q4/bin/../lib/gcc/arm-none-eabi/5.2.1/../../../../arm-none-eabi/lib/armv7e-m\libg.a(lib_a-freer.o)
 .data          0x00000000        0x0 c:/program files (x86)/gnu tools arm embedded/5.2 2015q4/bin/../lib/gcc/arm-none-eabi/5.2.1/../../../../arm-none-eabi/lib/armv7e-m\libg.a(lib_a-freer.o)
 .bss           0x00000000        0x0 c:/program files (x86)/gnu tools arm embedded/5.2 2015q4/bin/../lib/gcc/arm-none-eabi/5.2.1/../../../../arm-none-eabi/lib/armv7e-m\libg.a(lib_a-freer.o)
 .text._malloc_trim_r
                0x00000000       0x9c c:/program files (x86)/gnu tools arm embedded/5.2 2015q4/bin/../lib/gcc/arm-none-eabi/5.2.1/../../../../arm-none-eabi/lib/armv7e-m\libg.a(lib_a-freer.o)
 .text._free_r  0x00000000      0x1d0 c:/program files (x86)/gnu tools arm embedded/5.2 2015q4/bin/../lib/gcc/arm-none-eabi/5.2.1/../../../../arm-none-eabi/lib/armv7e-m\libg.a(lib_a-freer.o)
 .debug_frame   0x00000000       0x74 c:/program files (x86)/gnu tools arm embedded/5.2 2015q4/bin/../lib/gcc/arm-none-eabi/5.2.1/../../../../arm-none-eabi/lib/armv7e-m\libg.a(lib_a-freer.o)
 .ARM.attributes
                0x00000000       0x2e c:/program files (x86)/gnu tools arm embedded/5.2 2015q4/bin/../lib/gcc/arm-none-eabi/5.2.1/../../../../arm-none-eabi/lib/armv7e-m\libg.a(lib_a-freer.o)
 .text          0x00000000        0x0 c:/program files (x86)/gnu tools arm embedded/5.2 2015q4/bin/../lib/gcc/arm-none-eabi/5.2.1/../../../../arm-none-eabi/lib/armv7e-m\libg.a(lib_a-impure.o)
 .data          0x00000000        0x0 c:/program files (x86)/gnu tools arm embedded/5.2 2015q4/bin/../lib/gcc/arm-none-eabi/5.2.1/../../../../arm-none-eabi/lib/armv7e-m\libg.a(lib_a-impure.o)
 .bss           0x00000000        0x0 c:/program files (x86)/gnu tools arm embedded/5.2 2015q4/bin/../lib/gcc/arm-none-eabi/5.2.1/../../../../arm-none-eabi/lib/armv7e-m\libg.a(lib_a-impure.o)
 .data.impure_data
                0x00000000      0x428 c:/program files (x86)/gnu tools arm embedded/5.2 2015q4/bin/../lib/gcc/arm-none-eabi/5.2.1/../../../../arm-none-eabi/lib/armv7e-m\libg.a(lib_a-impure.o)
 .data._impure_ptr
                0x00000000        0x4 c:/program files (x86)/gnu tools arm embedded/5.2 2015q4/bin/../lib/gcc/arm-none-eabi/5.2.1/../../../../arm-none-eabi/lib/armv7e-m\libg.a(lib_a-impure.o)
 .rodata.str1.4
                0x00000000        0x2 c:/program files (x86)/gnu tools arm embedded/5.2 2015q4/bin/../lib/gcc/arm-none-eabi/5.2.1/../../../../arm-none-eabi/lib/armv7e-m\libg.a(lib_a-impure.o)
 .rodata._global_impure_ptr
                0x00000000        0x4 c:/program files (x86)/gnu tools arm embedded/5.2 2015q4/bin/../lib/gcc/arm-none-eabi/5.2.1/../../../../arm-none-eabi/lib/armv7e-m\libg.a(lib_a-impure.o)
 .ARM.attributes
                0x00000000       0x2e c:/program files (x86)/gnu tools arm embedded/5.2 2015q4/bin/../lib/gcc/arm-none-eabi/5.2.1/../../../../arm-none-eabi/lib/armv7e-m\libg.a(lib_a-impure.o)
 .text          0x00000000        0x0 c:/program files (x86)/gnu tools arm embedded/5.2 2015q4/bin/../lib/gcc/arm-none-eabi/5.2.1/../../../../arm-none-eabi/lib/armv7e-m\libg.a(lib_a-reent.o)
 .data          0x00000000        0x0 c:/program files (x86)/gnu tools arm embedded/5.2 2015q4/bin/../lib/gcc/arm-none-eabi/5.2.1/../../../../arm-none-eabi/lib/armv7e-m\libg.a(lib_a-reent.o)
 .bss           0x00000000        0x0 c:/program files (x86)/gnu tools arm embedded/5.2 2015q4/bin/../lib/gcc/arm-none-eabi/5.2.1/../../../../arm-none-eabi/lib/armv7e-m\libg.a(lib_a-reent.o)
 .text.cleanup_glue
                0x00000000       0x1c c:/program files (x86)/gnu tools arm embedded/5.2 2015q4/bin/../lib/gcc/arm-none-eabi/5.2.1/../../../../arm-none-eabi/lib/armv7e-m\libg.a(lib_a-reent.o)
 .text._reclaim_reent
                0x00000000       0x88 c:/program files (x86)/gnu tools arm embedded/5.2 2015q4/bin/../lib/gcc/arm-none-eabi/5.2.1/../../../../arm-none-eabi/lib/armv7e-m\libg.a(lib_a-reent.o)
 .debug_frame   0x00000000       0x58 c:/program files (x86)/gnu tools arm embedded/5.2 2015q4/bin/../lib/gcc/arm-none-eabi/5.2.1/../../../../arm-none-eabi/lib/armv7e-m\libg.a(lib_a-reent.o)
 .ARM.attributes
                0x00000000       0x2e c:/program files (x86)/gnu tools arm embedded/5.2 2015q4/bin/../lib/gcc/arm-none-eabi/5.2.1/../../../../arm-none-eabi/lib/armv7e-m\libg.a(lib_a-reent.o)
 COMMON         0x00000000        0x4 c:/program files (x86)/gnu tools arm embedded/5.2 2015q4/bin/../lib/gcc/arm-none-eabi/5.2.1/../../../../arm-none-eabi/lib/armv7e-m\libg.a(lib_a-reent.o)

Memory Configuration

Name             Origin             Length             Attributes
rom              0x08000000         0x00100000         xr
ram              0x20000000         0x00020000         xrw
ram1             0x10000000         0x00010000         xrw
*default*        0x00000000         0xffffffff

Linker script and memory map

                0x20020000                _eram = 0x20020000

.text           0x08000000     0x5996
 *(.isr_vector)
 .isr_vector    0x08000000      0x188 ..\obj\startup_stm32f4xx.o
                0x08000000                g_pfnVectors
 *(.text*)
 .text.USB_OTG_EnableCommonInt
                0x08000188       0x44 ..\obj\usb_core.o
 .text.USB_OTG_CoreReset
                0x080001cc       0x90 ..\obj\usb_core.o
 .text.USB_OTG_WritePacket
                0x0800025c       0x74 ..\obj\usb_core.o
                0x0800025c                USB_OTG_WritePacket
 .text.USB_OTG_ReadPacket
                0x080002d0       0x58 ..\obj\usb_core.o
                0x080002d0                USB_OTG_ReadPacket
 .text.USB_OTG_SelectCore
                0x08000328      0x174 ..\obj\usb_core.o
                0x08000328                USB_OTG_SelectCore
 .text.USB_OTG_CoreInit
                0x0800049c      0x1dc ..\obj\usb_core.o
                0x0800049c                USB_OTG_CoreInit
 .text.USB_OTG_EnableGlobalInt
                0x08000678       0x34 ..\obj\usb_core.o
                0x08000678                USB_OTG_EnableGlobalInt
 .text.USB_OTG_DisableGlobalInt
                0x080006ac       0x38 ..\obj\usb_core.o
                0x080006ac                USB_OTG_DisableGlobalInt
 .text.USB_OTG_FlushTxFifo
                0x080006e4       0x74 ..\obj\usb_core.o
                0x080006e4                USB_OTG_FlushTxFifo
 .text.USB_OTG_FlushRxFifo
                0x08000758       0x60 ..\obj\usb_core.o
                0x08000758                USB_OTG_FlushRxFifo
 .text.USB_OTG_SetCurrentMode
                0x080007b8       0x60 ..\obj\usb_core.o
                0x080007b8                USB_OTG_SetCurrentMode
 .text.USB_OTG_GetMode
                0x08000818       0x1c ..\obj\usb_core.o
                0x08000818                USB_OTG_GetMode
 .text.USB_OTG_IsDeviceMode
                0x08000834       0x24 ..\obj\usb_core.o
                0x08000834                USB_OTG_IsDeviceMode
 .text.USB_OTG_ReadCoreItr
                0x08000858       0x2c ..\obj\usb_core.o
                0x08000858                USB_OTG_ReadCoreItr
 .text.USB_OTG_InitDevSpeed
                0x08000884       0x38 ..\obj\usb_core.o
                0x08000884                USB_OTG_InitDevSpeed
 .text.USB_OTG_CoreInitDev
                0x080008bc      0x264 ..\obj\usb_core.o
                0x080008bc                USB_OTG_CoreInitDev
 .text.USB_OTG_EnableDevInt
                0x08000b20       0x98 ..\obj\usb_core.o
                0x08000b20                USB_OTG_EnableDevInt
 .text.USB_OTG_GetDeviceSpeed
                0x08000bb8       0x48 ..\obj\usb_core.o
                0x08000bb8                USB_OTG_GetDeviceSpeed
 .text.USB_OTG_EP0Activate
                0x08000c00       0x74 ..\obj\usb_core.o
                0x08000c00                USB_OTG_EP0Activate
 .text.USB_OTG_EPActivate
                0x08000c74       0xdc ..\obj\usb_core.o
                0x08000c74                USB_OTG_EPActivate
 .text.USB_OTG_EPDeactivate
                0x08000d50       0x88 ..\obj\usb_core.o
                0x08000d50                USB_OTG_EPDeactivate
 .text.USB_OTG_EPStartXfer
                0x08000dd8      0x280 ..\obj\usb_core.o
                0x08000dd8                USB_OTG_EPStartXfer
 .text.USB_OTG_EP0StartXfer
                0x08001058      0x1d4 ..\obj\usb_core.o
                0x08001058                USB_OTG_EP0StartXfer
 .text.USB_OTG_EPSetStall
                0x0800122c       0x84 ..\obj\usb_core.o
                0x0800122c                USB_OTG_EPSetStall
 .text.USB_OTG_EPClearStall
                0x080012b0       0x74 ..\obj\usb_core.o
                0x080012b0                USB_OTG_EPClearStall
 .text.USB_OTG_ReadDevAllOutEp_itr
                0x08001324       0x2c ..\obj\usb_core.o
                0x08001324                USB_OTG_ReadDevAllOutEp_itr
 .text.USB_OTG_ReadDevOutEP_itr
                0x08001350       0x34 ..\obj\usb_core.o
                0x08001350                USB_OTG_ReadDevOutEP_itr
 .text.USB_OTG_ReadDevAllInEPItr
                0x08001384       0x2c ..\obj\usb_core.o
                0x08001384                USB_OTG_ReadDevAllInEPItr
 .text.USB_OTG_EP0_OutStart
                0x080013b0       0x70 ..\obj\usb_core.o
                0x080013b0                USB_OTG_EP0_OutStart
 .text.USB_OTG_UngateClock
                0x08001420       0x54 ..\obj\usb_core.o
                0x08001420                USB_OTG_UngateClock
 .text.USBD_USR_Init
                0x08001474        0xc ..\obj\usbd_usr.o
                0x08001474                USBD_USR_Init
 .text.USBD_USR_DeviceReset
                0x08001480       0x28 ..\obj\usbd_usr.o
                0x08001480                USBD_USR_DeviceReset
 .text.USBD_USR_DeviceConfigured
                0x080014a8        0xc ..\obj\usbd_usr.o
                0x080014a8                USBD_USR_DeviceConfigured
 .text.USBD_USR_DeviceConnected
                0x080014b4        0xc ..\obj\usbd_usr.o
                0x080014b4                USBD_USR_DeviceConnected
 .text.USBD_USR_DeviceDisconnected
                0x080014c0        0xc ..\obj\usbd_usr.o
                0x080014c0                USBD_USR_DeviceDisconnected
 .text.USBD_USR_DeviceSuspended
                0x080014cc        0xc ..\obj\usbd_usr.o
                0x080014cc                USBD_USR_DeviceSuspended
 .text.USBD_USR_DeviceResumed
                0x080014d8        0xc ..\obj\usbd_usr.o
                0x080014d8                USBD_USR_DeviceResumed
 .text.TM_DISCO_LedInit
                0x080014e4       0x30 ..\obj\tm_stm32f4_disco.o
                0x080014e4                TM_DISCO_LedInit
 .text.Default_Reset_Handler
                0x08001514       0x5c ..\obj\startup_stm32f4xx.o
                0x08001514                Default_Reset_Handler
                0x08001514                Reset_Handler
 .text.Default_Handler
                0x08001570        0x8 ..\obj\startup_stm32f4xx.o
                0x08001570                RTC_Alarm_IRQHandler
                0x08001570                HASH_RNG_IRQHandler
                0x08001570                EXTI2_IRQHandler
                0x08001570                TIM8_CC_IRQHandler
                0x08001570                TIM1_CC_IRQHandler
                0x08001570                DMA2_Stream5_IRQHandler
                0x08001570                DMA1_Stream5_IRQHandler
                0x08001570                PVD_IRQHandler
                0x08001570                SDIO_IRQHandler
                0x08001570                TAMP_STAMP_IRQHandler
                0x08001570                CAN2_RX1_IRQHandler
                0x08001570                EXTI3_IRQHandler
                0x08001570                TIM8_TRG_COM_TIM14_IRQHandler
                0x08001570                TIM1_UP_TIM10_IRQHandler
                0x08001570                TIM8_UP_TIM13_IRQHandler
                0x08001570                I2C3_ER_IRQHandler
                0x08001570                EXTI0_IRQHandler
                0x08001570                I2C2_EV_IRQHandler
                0x08001570                DMA1_Stream2_IRQHandler
                0x08001570                CAN1_RX0_IRQHandler
                0x08001570                FPU_IRQHandler
                0x08001570                OTG_HS_WKUP_IRQHandler
                0x08001570                CAN2_SCE_IRQHandler
                0x08001570                DMA2_Stream2_IRQHandler
                0x08001570                SPI1_IRQHandler
                0x08001570                TIM6_DAC_IRQHandler
                0x08001570                TIM1_BRK_TIM9_IRQHandler
                0x08001570                DCMI_IRQHandler
                0x08001570                CAN2_RX0_IRQHandler
                0x08001570                DMA2_Stream3_IRQHandler
                0x08001570                USART6_IRQHandler
                0x08001570                USART3_IRQHandler
                0x08001570                CRYP_IRQHandler
                0x08001570                CAN1_RX1_IRQHandler
                0x08001570                UART5_IRQHandler
                0x08001570                DMA2_Stream0_IRQHandler
                0x08001570                TIM4_IRQHandler
                0x08001570                I2C1_EV_IRQHandler
                0x08001570                DMA1_Stream6_IRQHandler
                0x08001570                DMA1_Stream1_IRQHandler
                0x08001570                UART4_IRQHandler
                0x08001570                TIM3_IRQHandler
                0x08001570                RCC_IRQHandler
                0x08001570                TIM8_BRK_TIM12_IRQHandler
                0x08001570                EXTI15_10_IRQHandler
                0x08001570                ADC_IRQHandler
                0x08001570                DMA1_Stream7_IRQHandler
                0x08001570                TIM7_IRQHandler
                0x08001570                CAN2_TX_IRQHandler
                0x08001570                TIM5_IRQHandler
                0x08001570                DMA2_Stream7_IRQHandler
                0x08001570                I2C3_EV_IRQHandler
                0x08001570                EXTI9_5_IRQHandler
                0x08001570                RTC_WKUP_IRQHandler
                0x08001570                ETH_WKUP_IRQHandler
                0x08001570                SPI2_IRQHandler
                0x08001570                OTG_HS_EP1_IN_IRQHandler
                0x08001570                DMA1_Stream0_IRQHandler
                0x08001570                CAN1_TX_IRQHandler
                0x08001570                EXTI4_IRQHandler
                0x08001570                FSMC_IRQHandler
                0x08001570                ETH_IRQHandler
                0x08001570                OTG_HS_EP1_OUT_IRQHandler
                0x08001570                WWDG_IRQHandler
                0x08001570                TIM2_IRQHandler
                0x08001570                TIM1_TRG_COM_TIM11_IRQHandler
                0x08001570                OTG_HS_IRQHandler
                0x08001570                EXTI1_IRQHandler
                0x08001570                USART2_IRQHandler
                0x08001570                I2C2_ER_IRQHandler
                0x08001570                DMA2_Stream1_IRQHandler
                0x08001570                CAN1_SCE_IRQHandler
                0x08001570                FLASH_IRQHandler
                0x08001570                DMA2_Stream4_IRQHandler
                0x08001570                USART1_IRQHandler
                0x08001570                SPI3_IRQHandler
                0x08001570                DMA1_Stream4_IRQHandler
                0x08001570                I2C1_ER_IRQHandler
                0x08001570                DMA2_Stream6_IRQHandler
                0x08001570                DMA1_Stream3_IRQHandler
 .text.USBD_Init
                0x08001578       0x58 ..\obj\usbd_core.o
                0x08001578                USBD_Init
 .text.USBD_DeInit
                0x080015d0       0x14 ..\obj\usbd_core.o
                0x080015d0                USBD_DeInit
 .text.USBD_SetupStage
                0x080015e4       0x6c ..\obj\usbd_core.o
 .text.USBD_DataOutStage
                0x08001650       0xcc ..\obj\usbd_core.o
 .text.USBD_DataInStage
                0x0800171c      0x104 ..\obj\usbd_core.o
 .text.USBD_Reset
                0x08001820       0x44 ..\obj\usbd_core.o
 .text.USBD_Resume
                0x08001864       0x24 ..\obj\usbd_core.o
 .text.USBD_Suspend
                0x08001888       0x24 ..\obj\usbd_core.o
 .text.USBD_SOF
                0x080018ac       0x2c ..\obj\usbd_core.o
 .text.USBD_SetCfg
                0x080018d8       0x30 ..\obj\usbd_core.o
                0x080018d8                USBD_SetCfg
 .text.USBD_ClrCfg
                0x08001908       0x28 ..\obj\usbd_core.o
                0x08001908                USBD_ClrCfg
 .text.USBD_IsoINIncomplete
                0x08001930       0x20 ..\obj\usbd_core.o
 .text.USBD_IsoOUTIncomplete
                0x08001950       0x20 ..\obj\usbd_core.o
 .text.NVIC_SetPriority
                0x08001970       0x54 ..\obj\main.o
 .text.SysTick_Config
                0x080019c4       0x44 ..\obj\main.o
 .text.main     0x08001a08      0x13c ..\obj\main.o
                0x08001a08                main
 .text.init     0x08001b44       0x80 ..\obj\main.o
                0x08001b44                init
 .text.ColorfulRingOfDeath
                0x08001bc4       0x4c ..\obj\main.o
                0x08001bc4                ColorfulRingOfDeath
 .text.NMI_Handler
                0x08001c10        0xc ..\obj\main.o
                0x08001c10                NMI_Handler
 .text.HardFault_Handler
                0x08001c1c        0xc ..\obj\main.o
                0x08001c1c                HardFault_Handler
 .text.MemManage_Handler
                0x08001c28        0xc ..\obj\main.o
                0x08001c28                MemManage_Handler
 .text.BusFault_Handler
                0x08001c34        0xc ..\obj\main.o
                0x08001c34                BusFault_Handler
 .text.UsageFault_Handler
                0x08001c40        0xc ..\obj\main.o
                0x08001c40                UsageFault_Handler
 .text.SVC_Handler
                0x08001c4c        0xc ..\obj\main.o
                0x08001c4c                SVC_Handler
 .text.DebugMon_Handler
                0x08001c58        0xc ..\obj\main.o
                0x08001c58                DebugMon_Handler
 .text.PendSV_Handler
                0x08001c64        0xc ..\obj\main.o
                0x08001c64                PendSV_Handler
 .text.OTG_FS_IRQHandler
                0x08001c70       0x14 ..\obj\main.o
                0x08001c70                OTG_FS_IRQHandler
 .text.OTG_FS_WKUP_IRQHandler
                0x08001c84       0x38 ..\obj\main.o
                0x08001c84                OTG_FS_WKUP_IRQHandler
 .text.RCC_AHB1PeriphClockCmd
                0x08001cbc       0x3c ..\obj\stm32f4xx_rcc.o
                0x08001cbc                RCC_AHB1PeriphClockCmd
 .text.RCC_AHB2PeriphClockCmd
                0x08001cf8       0x3c ..\obj\stm32f4xx_rcc.o
                0x08001cf8                RCC_AHB2PeriphClockCmd
 .text.RCC_APB2PeriphClockCmd
                0x08001d34       0x3c ..\obj\stm32f4xx_rcc.o
                0x08001d34                RCC_APB2PeriphClockCmd
 .text.RCC_APB1PeriphResetCmd
                0x08001d70       0x3c ..\obj\stm32f4xx_rcc.o
                0x08001d70                RCC_APB1PeriphResetCmd
 .text.TM_SPI_Send
                0x08001dac       0x74 ..\obj\tm_stm32f4_lis302dl_lis3dsh.o
 .text.TM_LIS302DL_LIS3DSH_Detect
                0x08001e20       0x48 ..\obj\tm_stm32f4_lis302dl_lis3dsh.o
                0x08001e20                TM_LIS302DL_LIS3DSH_Detect
 .text.TM_LIS302DL_LIS3DSH_Init
                0x08001e68       0x60 ..\obj\tm_stm32f4_lis302dl_lis3dsh.o
                0x08001e68                TM_LIS302DL_LIS3DSH_Init
 .text.TM_LIS302DL_LIS3DSH_ReadAxes
                0x08001ec8       0x3c ..\obj\tm_stm32f4_lis302dl_lis3dsh.o
                0x08001ec8                TM_LIS302DL_LIS3DSH_ReadAxes
 .text.TM_LIS302DL_LIS3DSH_INT_InitPins
                0x08001f04       0x60 ..\obj\tm_stm32f4_lis302dl_lis3dsh.o
                0x08001f04                TM_LIS302DL_LIS3DSH_INT_InitPins
 .text.TM_LIS302DL_LIS3DSH_INT_WriteSPI
                0x08001f64       0x5c ..\obj\tm_stm32f4_lis302dl_lis3dsh.o
                0x08001f64                TM_LIS302DL_LIS3DSH_INT_WriteSPI
 .text.TM_LIS302DL_LIS3DSH_INT_ReadSPI
                0x08001fc0       0x58 ..\obj\tm_stm32f4_lis302dl_lis3dsh.o
                0x08001fc0                TM_LIS302DL_LIS3DSH_INT_ReadSPI
 .text.TM_LIS302DL_LIS3DSH_INT_InitLIS3DSH
                0x08002018      0x108 ..\obj\tm_stm32f4_lis302dl_lis3dsh.o
                0x08002018                TM_LIS302DL_LIS3DSH_INT_InitLIS3DSH
 .text.TM_LIS302DL_LIS3DSH_INT_InitLIS302DL
                0x08002120       0xfc ..\obj\tm_stm32f4_lis302dl_lis3dsh.o
                0x08002120                TM_LIS302DL_LIS3DSH_INT_InitLIS302DL
 .text.TM_LIS3DSH_INT_ReadAxes
                0x0800221c      0x128 ..\obj\tm_stm32f4_lis302dl_lis3dsh.o
                0x0800221c                TM_LIS3DSH_INT_ReadAxes
 .text.TM_LIS302DL_INT_ReadAxes
                0x08002344       0xd4 ..\obj\tm_stm32f4_lis302dl_lis3dsh.o
                0x08002344                TM_LIS302DL_INT_ReadAxes
 .text.TM_LIS302DL_LIS3DSH_INT_Delay
                0x08002418       0x24 ..\obj\tm_stm32f4_lis302dl_lis3dsh.o
                0x08002418                TM_LIS302DL_LIS3DSH_INT_Delay
 .text.NVIC_SetPriority
                0x0800243c       0x54 ..\obj\tm_stm32f4_delay.o
 .text.SysTick_Config
                0x08002490       0x44 ..\obj\tm_stm32f4_delay.o
 .text.SysTick_Handler
                0x080024d4       0xf0 ..\obj\tm_stm32f4_delay.o
                0x080024d4                SysTick_Handler
 .text.TM_DELAY_Init
                0x080025c4       0x50 ..\obj\tm_stm32f4_delay.o
                0x080025c4                TM_DELAY_Init
 .text.USBD_USR_DeviceDescriptor
                0x08002614       0x24 ..\obj\usbd_desc.o
                0x08002614                USBD_USR_DeviceDescriptor
 .text.USBD_USR_LangIDStrDescriptor
                0x08002638       0x24 ..\obj\usbd_desc.o
                0x08002638                USBD_USR_LangIDStrDescriptor
 .text.USBD_USR_ProductStrDescriptor
                0x0800265c       0x40 ..\obj\usbd_desc.o
                0x0800265c                USBD_USR_ProductStrDescriptor
 .text.USBD_USR_ManufacturerStrDescriptor
                0x0800269c       0x28 ..\obj\usbd_desc.o
                0x0800269c                USBD_USR_ManufacturerStrDescriptor
 .text.USBD_USR_SerialStrDescriptor
                0x080026c4       0x40 ..\obj\usbd_desc.o
                0x080026c4                USBD_USR_SerialStrDescriptor
 .text.USBD_USR_ConfigStrDescriptor
                0x08002704       0x3c ..\obj\usbd_desc.o
                0x08002704                USBD_USR_ConfigStrDescriptor
 .text.USBD_USR_InterfaceStrDescriptor
                0x08002740       0x3c ..\obj\usbd_desc.o
                0x08002740                USBD_USR_InterfaceStrDescriptor
 .text.TM_SPI_Init
                0x0800277c       0x7c ..\obj\tm_stm32f4_spi.o
                0x0800277c                TM_SPI_Init
 .text.TM_SPI_WriteMulti
                0x080027f8       0x88 ..\obj\tm_stm32f4_spi.o
                0x080027f8                TM_SPI_WriteMulti
 .text.TM_SPI_ReadMulti
                0x08002880       0x94 ..\obj\tm_stm32f4_spi.o
                0x08002880                TM_SPI_ReadMulti
 .text.TM_SPI_InitCustomPinsCallback
                0x08002914       0x18 ..\obj\tm_stm32f4_spi.o
                0x08002914                TM_SPI_InitCustomPinsCallback
 .text.TM_SPIx_Init
                0x0800292c      0x11c ..\obj\tm_stm32f4_spi.o
 .text.TM_SPI1_INT_InitPins
                0x08002a48       0x60 ..\obj\tm_stm32f4_spi.o
                0x08002a48                TM_SPI1_INT_InitPins
 .text.TM_SPI2_INT_InitPins
                0x08002aa8       0x98 ..\obj\tm_stm32f4_spi.o
                0x08002aa8                TM_SPI2_INT_InitPins
 .text.TM_SPI3_INT_InitPins
                0x08002b40       0x64 ..\obj\tm_stm32f4_spi.o
                0x08002b40                TM_SPI3_INT_InitPins
 .text.GPIO_Init
                0x08002ba4      0x11c ..\obj\stm32f4xx_gpio.o
                0x08002ba4                GPIO_Init
 .text.GPIO_PinAFConfig
                0x08002cc0       0x90 ..\obj\stm32f4xx_gpio.o
                0x08002cc0                GPIO_PinAFConfig
 .text.VCP_Init
                0x08002d50       0x10 ..\obj\usbd_cdc_vcp.o
 .text.VCP_DeInit
                0x08002d60       0x10 ..\obj\usbd_cdc_vcp.o
 .text.VCP_Ctrl
                0x08002d70      0x110 ..\obj\usbd_cdc_vcp.o
 .text.VCP_put_char
                0x08002e80       0x1c ..\obj\usbd_cdc_vcp.o
                0x08002e80                VCP_put_char
 .text.VCP_DataTx
                0x08002e9c       0x5c ..\obj\usbd_cdc_vcp.o
 .text.VCP_DataRx
                0x08002ef8       0x70 ..\obj\usbd_cdc_vcp.o
 .text.VCP_get_char
                0x08002f68       0x54 ..\obj\usbd_cdc_vcp.o
                0x08002f68                VCP_get_char
 .text.SystemInit
                0x08002fbc       0x5c ..\obj\system_stm32f4xx.o
                0x08002fbc                SystemInit
 .text.SetSysClock
                0x08003018       0xf4 ..\obj\system_stm32f4xx.o
 .text.USB_OTG_BSP_Init
                0x0800310c       0xb0 ..\obj\usb_bsp.o
                0x0800310c                USB_OTG_BSP_Init
 .text.USB_OTG_BSP_EnableInterrupt
                0x080031bc       0x34 ..\obj\usb_bsp.o
                0x080031bc                USB_OTG_BSP_EnableInterrupt
 .text.USB_OTG_BSP_uDelay
                0x080031f0       0x48 ..\obj\usb_bsp.o
                0x080031f0                USB_OTG_BSP_uDelay
 .text.USB_OTG_BSP_mDelay
                0x08003238       0x20 ..\obj\usb_bsp.o
                0x08003238                USB_OTG_BSP_mDelay
 .text.USBD_StdDevReq
                0x08003258       0xa0 ..\obj\usbd_req.o
                0x08003258                USBD_StdDevReq
 .text.USBD_StdItfReq
                0x080032f8       0x68 ..\obj\usbd_req.o
                0x080032f8                USBD_StdItfReq
 .text.USBD_StdEPReq
                0x08003360      0x1b0 ..\obj\usbd_req.o
                0x08003360                USBD_StdEPReq
 .text.USBD_GetDescriptor
                0x08003510      0x1a8 ..\obj\usbd_req.o
 .text.USBD_SetAddress
                0x080036b8       0x7c ..\obj\usbd_req.o
 .text.USBD_SetConfig
                0x08003734       0xf4 ..\obj\usbd_req.o
 .text.USBD_GetConfig
                0x08003828       0x60 ..\obj\usbd_req.o
 .text.USBD_GetStatus
                0x08003888       0x50 ..\obj\usbd_req.o
 .text.USBD_SetFeature
                0x080038d8       0xd0 ..\obj\usbd_req.o
 .text.USBD_ClrFeature
                0x080039a8       0x50 ..\obj\usbd_req.o
 .text.USBD_ParseSetupRequest
                0x080039f8       0x90 ..\obj\usbd_req.o
                0x080039f8                USBD_ParseSetupRequest
 .text.USBD_CtlError
                0x08003a88       0x48 ..\obj\usbd_req.o
                0x08003a88                USBD_CtlError
 .text.USBD_GetString
                0x08003ad0       0x88 ..\obj\usbd_req.o
                0x08003ad0                USBD_GetString
 .text.USBD_GetLen
                0x08003b58       0x30 ..\obj\usbd_req.o
 .text.USBD_OTG_ISR_Handler
                0x08003b88      0x15c ..\obj\usb_dcd_int.o
                0x08003b88                USBD_OTG_ISR_Handler
 .text.DCD_HandleResume_ISR
                0x08003ce4       0x80 ..\obj\usb_dcd_int.o
 .text.DCD_HandleUSBSuspend_ISR
                0x08003d64       0x9c ..\obj\usb_dcd_int.o
 .text.DCD_HandleInEP_ISR
                0x08003e00      0x1ec ..\obj\usb_dcd_int.o
 .text.DCD_HandleOutEP_ISR
                0x08003fec      0x178 ..\obj\usb_dcd_int.o
 .text.DCD_HandleSof_ISR
                0x08004164       0x34 ..\obj\usb_dcd_int.o
 .text.DCD_HandleRxStatusQueueLevel_ISR
                0x08004198      0x104 ..\obj\usb_dcd_int.o
 .text.DCD_WriteEmptyTxFifo
                0x0800429c       0xe4 ..\obj\usb_dcd_int.o
 .text.DCD_HandleUsbReset_ISR
                0x08004380      0x138 ..\obj\usb_dcd_int.o
 .text.DCD_HandleEnumDone_ISR
                0x080044b8       0x78 ..\obj\usb_dcd_int.o
 .text.DCD_IsoINIncomplete_ISR
                0x08004530       0x34 ..\obj\usb_dcd_int.o
 .text.DCD_IsoOUTIncomplete_ISR
                0x08004564       0x34 ..\obj\usb_dcd_int.o
 .text.DCD_ReadDevInEP
                0x08004598       0x50 ..\obj\usb_dcd_int.o
 .text.usbd_cdc_Init
                0x080045e8       0x84 ..\obj\usbd_cdc_core.o
 .text.usbd_cdc_DeInit
                0x0800466c       0x38 ..\obj\usbd_cdc_core.o
 .text.usbd_cdc_Setup
                0x080046a4      0x120 ..\obj\usbd_cdc_core.o
 .text.usbd_cdc_EP0_RxReady
                0x080047c4       0x40 ..\obj\usbd_cdc_core.o
 .text.usbd_cdc_DataIn
                0x08004804       0xc0 ..\obj\usbd_cdc_core.o
 .text.usbd_cdc_DataOut
                0x080048c4       0x54 ..\obj\usbd_cdc_core.o
 .text.usbd_cdc_SOF
                0x08004918       0x30 ..\obj\usbd_cdc_core.o
 .text.Handle_USBAsynchXfer
                0x08004948      0x100 ..\obj\usbd_cdc_core.o
 .text.USBD_cdc_GetCfgDesc
                0x08004a48       0x24 ..\obj\usbd_cdc_core.o
 .text.SPI_Init
                0x08004a6c       0x88 ..\obj\stm32f4xx_spi.o
                0x08004a6c                SPI_Init
 .text.SPI_StructInit
                0x08004af4       0x48 ..\obj\stm32f4xx_spi.o
                0x08004af4                SPI_StructInit
 .text.EXTI_ClearITPendingBit
                0x08004b3c       0x1c ..\obj\stm32f4xx_exti.o
                0x08004b3c                EXTI_ClearITPendingBit
 .text.NVIC_PriorityGroupConfig
                0x08004b58       0x24 ..\obj\misc.o
                0x08004b58                NVIC_PriorityGroupConfig
 .text.NVIC_Init
                0x08004b7c       0xc0 ..\obj\misc.o
                0x08004b7c                NVIC_Init
 .text.DCD_Init
                0x08004c3c      0x104 ..\obj\usb_dcd.o
                0x08004c3c                DCD_Init
 .text.DCD_EP_Open
                0x08004d40       0xa8 ..\obj\usb_dcd.o
                0x08004d40                DCD_EP_Open
 .text.DCD_EP_Close
                0x08004de8       0x70 ..\obj\usb_dcd.o
                0x08004de8                DCD_EP_Close
 .text.DCD_EP_PrepareRx
                0x08004e58       0x84 ..\obj\usb_dcd.o
                0x08004e58                DCD_EP_PrepareRx
 .text.DCD_EP_Tx
                0x08004edc       0x78 ..\obj\usb_dcd.o
                0x08004edc                DCD_EP_Tx
 .text.DCD_EP_Stall
                0x08004f54       0x74 ..\obj\usb_dcd.o
                0x08004f54                DCD_EP_Stall
 .text.DCD_EP_ClrStall
                0x08004fc8       0x74 ..\obj\usb_dcd.o
                0x08004fc8                DCD_EP_ClrStall
 .text.DCD_EP_SetAddress
                0x0800503c       0x3c ..\obj\usb_dcd.o
                0x0800503c                DCD_EP_SetAddress
 .text.TM_GPIO_Init
                0x08005078       0x48 ..\obj\tm_stm32f4_gpio.o
                0x08005078                TM_GPIO_Init
 .text.TM_GPIO_InitAlternate
                0x080050c0       0xa8 ..\obj\tm_stm32f4_gpio.o
                0x080050c0                TM_GPIO_InitAlternate
 .text.TM_GPIO_GetPortSource
                0x08005168       0x20 ..\obj\tm_stm32f4_gpio.o
                0x08005168                TM_GPIO_GetPortSource
 .text.TM_GPIO_INT_EnableClock
                0x08005188       0x30 ..\obj\tm_stm32f4_gpio.o
                0x08005188                TM_GPIO_INT_EnableClock
 .text.TM_GPIO_INT_Init
                0x080051b8      0x110 ..\obj\tm_stm32f4_gpio.o
                0x080051b8                TM_GPIO_INT_Init
 .text.USBD_CtlSendData
                0x080052c8       0x40 ..\obj\usbd_ioreq.o
                0x080052c8                USBD_CtlSendData
 .text.USBD_CtlContinueSendData
                0x08005308       0x28 ..\obj\usbd_ioreq.o
                0x08005308                USBD_CtlContinueSendData
 .text.USBD_CtlPrepareRx
                0x08005330       0x40 ..\obj\usbd_ioreq.o
                0x08005330                USBD_CtlPrepareRx
 .text.USBD_CtlContinueRx
                0x08005370       0x28 ..\obj\usbd_ioreq.o
                0x08005370                USBD_CtlContinueRx
 .text.USBD_CtlSendStatus
                0x08005398       0x30 ..\obj\usbd_ioreq.o
                0x08005398                USBD_CtlSendStatus
 .text.USBD_CtlReceiveStatus
                0x080053c8       0x30 ..\obj\usbd_ioreq.o
                0x080053c8                USBD_CtlReceiveStatus
 .text          0x080053f8      0x21c c:/program files (x86)/gnu tools arm embedded/5.2 2015q4/bin/../lib/gcc/arm-none-eabi/5.2.1/armv7e-m\libgcc.a(_arm_addsubsf3.o)
                0x080053f8                __aeabi_frsub
                0x08005400                __subsf3
                0x08005400                __aeabi_fsub
                0x08005404                __aeabi_fadd
                0x08005404                __addsf3
                0x08005564                __aeabi_ui2f
                0x08005564                __floatunsisf
                0x0800556c                __aeabi_i2f
                0x0800556c                __floatsisf
                0x08005588                __aeabi_ul2f
                0x08005588                __floatundisf
                0x08005598                __aeabi_l2f
                0x08005598                __floatdisf
 .text          0x08005614      0x2a0 c:/program files (x86)/gnu tools arm embedded/5.2 2015q4/bin/../lib/gcc/arm-none-eabi/5.2.1/armv7e-m\libgcc.a(_arm_muldivsf3.o)
                0x08005614                __mulsf3
                0x08005614                __aeabi_fmul
                0x0800577c                __aeabi_fdiv
                0x0800577c                __divsf3
 .text          0x080058b4       0x4c c:/program files (x86)/gnu tools arm embedded/5.2 2015q4/bin/../lib/gcc/arm-none-eabi/5.2.1/armv7e-m\libgcc.a(_arm_fixsfsi.o)
                0x080058b4                __aeabi_f2iz
                0x080058b4                __fixsfsi
 *(.init)
 *(.fini)
 *crtbegin.o(.ctors)
 *crtbegin?.o(.ctors)
 *(EXCLUDE_FILE(*crtend.o *crtend?.o) .ctors)
 *(SORT(.ctors.*))
 *(.ctors)
 *crtbegin.o(.dtors)
 *crtbegin?.o(.dtors)
 *(EXCLUDE_FILE(*crtend.o *crtend?.o) .dtors)
 *(SORT(.dtors.*))
 *(.dtors)
 *(.rodata*)
 .rodata        0x08005900       0x96 ..\obj\usbd_desc.o
 *(.eh_fram e*)

.glue_7         0x08005998        0x0
 .glue_7        0x08005998        0x0 linker stubs

.glue_7t        0x08005998        0x0
 .glue_7t       0x08005998        0x0 linker stubs

.vfp11_veneer   0x08005998        0x0
 .vfp11_veneer  0x08005998        0x0 linker stubs

.v4_bx          0x08005998        0x0
 .v4_bx         0x08005998        0x0 linker stubs

.iplt           0x08005998        0x0
 .iplt          0x08005998        0x0 ..\obj\usb_core.o

.rel.dyn        0x08005998        0x0
 .rel.iplt      0x08005998        0x0 ..\obj\usb_core.o

.ARM.extab
 *(.ARM.extab* .gnu.linkonce.armextab.*)
                0x08005998                __exidx_start = .

.ARM.exidx
 *(.ARM.exidx* .gnu.linkonce.armexidx.*)
                0x08005998                __exidx_end = .
                0x08005998                __etext = .
                0x08005996                _sidata = __etext

.data           0x20000000      0x130 load address 0x08005996
                0x20000000                __data_start__ = .
                0x20000000                _sdata = __data_start__
 *(vtable)
 *(.data*)
 .data          0x20000000       0x1c ..\obj\usbd_usr.o
                0x20000000                USR_cb
 .data          0x2000001c       0x30 ..\obj\usbd_core.o
                0x2000001c                USBD_DCD_INT_cb
                0x20000048                USBD_DCD_INT_fops
 .data          0x2000004c       0x40 ..\obj\usbd_desc.o
                0x2000004c                USR_desc
                0x20000068                USBD_DeviceDesc
                0x2000007c                USBD_DeviceQualifierDesc
                0x20000088                USBD_LangIDDesc
 .data          0x2000008c       0x1c ..\obj\usbd_cdc_vcp.o
                0x2000008c                linecoding
                0x20000094                VCP_fops
 .data          0x200000a8       0x14 ..\obj\system_stm32f4xx.o
                0x200000a8                SystemCoreClock
                0x200000ac                AHBPrescTable
 .data          0x200000bc       0x74 ..\obj\usbd_cdc_core.o
                0x200000bc                usbd_cdc_CfgDesc
                0x20000104                USBD_CDC_cb
                0x20000130                . = ALIGN (0x4)
                [!provide]                PROVIDE (__preinit_array_start, .)
 *(.preinit_array)
                [!provide]                PROVIDE (__preinit_array_end, .)
                0x20000130                . = ALIGN (0x4)
                [!provide]                PROVIDE (__init_array_start, .)
 *(SORT(.init_array.*))
 *(.init_array)
                [!provide]                PROVIDE (__init_array_end, .)
                0x20000130                . = ALIGN (0x4)
                [!provide]                PROVIDE (__fini_array_start, .)
 *(SORT(.fini_array.*))
 *(.fini_array)
                [!provide]                PROVIDE (__fini_array_end, .)
 *(.jcr*)
                0x20000130                . = ALIGN (0x4)
                0x20000130                __data_end__ = .
                0x20000130                _edata = __data_end__

.igot.plt       0x20000130        0x0 load address 0x08005ac8
 .igot.plt      0x20000130        0x0 ..\obj\usb_core.o

.bss            0x20000130      0xfc8 load address 0x08005ac8
                0x20000130                . = ALIGN (0x4)
                0x20000130                __bss_start__ = .
                0x20000130                _sbss = __bss_start__
 *(.bss*)
 .bss           0x20000130        0x2 ..\obj\tm_stm32f4_lis302dl_lis3dsh.o
                0x20000130                TM_LIS302DL_LIS3DSH_INT_Device
 *fill*         0x20000132        0x2 
 .bss           0x20000134       0x28 ..\obj\tm_stm32f4_delay.o
                0x20000134                TM_TimingDelay
                0x20000138                TM_Time
                0x2000013c                TM_Time2
                0x20000140                TM_DELAY_Initialized
 .bss           0x2000015c        0xd ..\obj\usbd_req.o
                0x2000015c                USBD_ep_status
                0x20000160                USBD_default_cfg
                0x20000164                USBD_cfg_status
 *fill*         0x20000169        0x3 
 .bss           0x2000016c       0x1c ..\obj\usbd_cdc_core.o
                0x20000170                APP_Rx_ptr_in
                0x20000174                APP_Rx_ptr_out
                0x20000178                APP_Rx_length
                0x2000017c                USB_Tx_State
 .bss           0x20000188       0x16 ..\obj\tm_stm32f4_gpio.o
 *(COMMON)
 *fill*         0x2000019e        0x2 
 COMMON         0x200001a0      0x5f8 ..\obj\main.o
                0x200001a0                ticker
                0x200001a4                downTicker
                0x200001a8                USB_OTG_dev
 COMMON         0x20000798        0x4 ..\obj\tm_stm32f4_lis302dl_lis3dsh.o
                0x20000798                TM_LIS3DSH_INT_Sensitivity
 COMMON         0x2000079c        0x4 ..\obj\tm_stm32f4_delay.o
                0x2000079c                mult
 COMMON         0x200007a0       0x98 ..\obj\usbd_cdc_vcp.o
                0x200007a0                APP_Tx_Buffer
                0x20000820                APP_tx_ptr_tail
                0x20000824                USART_InitStructure
                0x20000834                APP_tx_ptr_head
 COMMON         0x20000838       0x32 ..\obj\usbd_req.o
                0x20000838                USBD_StrDesc
 *fill*         0x2000086a        0x2 
 COMMON         0x2000086c      0x88c ..\obj\usbd_cdc_core.o
                0x2000086c                usbd_cdc_OtherCfgDesc
                0x200008b0                USB_Rx_Buffer
                0x200008f0                CmdBuff
                0x200008f8                APP_Rx_Buffer
                0x200010f8                . = ALIGN (0x4)
                0x200010f8                __bss_end__ = .
                0x200010f8                _ebss = __bss_end__

.heap           0x200010f8        0x0
                0x200010f8                __end__ = .
                0x200010f8                _end = __end__
                0x200010f8                end = __end__
 *(.heap*)
                0x200010f8                __HeapLimit = .

.co_stack       0x200010f8      0x800 load address 0x08006a90
                0x200010f8                . = ALIGN (0x8)
 *(.co_stack .co_stack.*)
 .co_stack      0x200010f8      0x800 ..\obj\startup_stm32f4xx.o
                0x200010f8                pulStack
                0x20020000                __StackTop = (ORIGIN (ram) + LENGTH (ram))
                0x2001f800                __StackLimit = (__StackTop - SIZEOF (.co_stack))
                [!provide]                PROVIDE (__stack, __StackTop)
                0x00000001                ASSERT ((__StackLimit >= __HeapLimit), region ram  overflowed with stack)
LOAD ..\obj\usb_core.o
LOAD ..\obj\usbd_usr.o
LOAD ..\obj\stm32f4xx_usart.o
LOAD ..\obj\tm_stm32f4_disco.o
LOAD ..\obj\startup_stm32f4xx.o
LOAD ..\obj\usbd_core.o
LOAD ..\obj\main.o
LOAD ..\obj\stm32f4xx_rcc.o
LOAD ..\obj\tm_stm32f4_lis302dl_lis3dsh.o
LOAD ..\obj\tm_stm32f4_delay.o
LOAD ..\obj\usbd_desc.o
LOAD ..\obj\tm_stm32f4_spi.o
LOAD ..\obj\stm32f4xx_gpio.o
LOAD ..\obj\usbd_cdc_vcp.o
LOAD ..\obj\system_stm32f4xx.o
LOAD ..\obj\usb_bsp.o
LOAD ..\obj\usbd_req.o
LOAD ..\obj\usb_dcd_int.o
LOAD ..\obj\usbd_cdc_core.o
LOAD ..\obj\stm32f4xx_spi.o
LOAD ..\obj\stm32f4xx_exti.o
LOAD ..\obj\misc.o
LOAD ..\obj\usb_dcd.o
LOAD ..\obj\tm_stm32f4_gpio.o
LOAD ..\obj\usbd_ioreq.o
START GROUP
LOAD c:/program files (x86)/gnu tools arm embedded/5.2 2015q4/bin/../lib/gcc/arm-none-eabi/5.2.1/armv7e-m\libgcc.a
LOAD c:/program files (x86)/gnu tools arm embedded/5.2 2015q4/bin/../lib/gcc/arm-none-eabi/5.2.1/../../../../arm-none-eabi/lib/armv7e-m\libg.a
LOAD c:/program files (x86)/gnu tools arm embedded/5.2 2015q4/bin/../lib/gcc/arm-none-eabi/5.2.1/../../../../arm-none-eabi/lib/armv7e-m\libc.a
END GROUP
OUTPUT(VCP.elf elf32-littlearm)

.debug_info     0x00000000    0x10f09
 .debug_info    0x00000000     0x2527 ..\obj\usb_core.o
 .debug_info    0x00002527      0x1cb ..\obj\usbd_usr.o
 .debug_info    0x000026f2      0x273 ..\obj\tm_stm32f4_disco.o
 .debug_info    0x00002965       0xed ..\obj\startup_stm32f4xx.o
 .debug_info    0x00002a52      0xe9d ..\obj\usbd_core.o
 .debug_info    0x000038ef     0x14b9 ..\obj\main.o
 .debug_info    0x00004da8      0xc59 ..\obj\stm32f4xx_rcc.o
 .debug_info    0x00005a01      0x7dd ..\obj\tm_stm32f4_lis302dl_lis3dsh.o
 .debug_info    0x000061de      0xa0f ..\obj\tm_stm32f4_delay.o
 .debug_info    0x00006bed      0x363 ..\obj\usbd_desc.o
 .debug_info    0x00006f50      0xa95 ..\obj\tm_stm32f4_spi.o
 .debug_info    0x000079e5      0x61a ..\obj\stm32f4xx_gpio.o
 .debug_info    0x00007fff      0x4b2 ..\obj\usbd_cdc_vcp.o
 .debug_info    0x000084b1      0x596 ..\obj\system_stm32f4xx.o
 .debug_info    0x00008a47     0x100a ..\obj\usb_bsp.o
 .debug_info    0x00009a51      0xf9f ..\obj\usbd_req.o
 .debug_info    0x0000a9f0     0x1d71 ..\obj\usb_dcd_int.o
 .debug_info    0x0000c761      0xef6 ..\obj\usbd_cdc_core.o
 .debug_info    0x0000d657      0xb0f ..\obj\stm32f4xx_spi.o
 .debug_info    0x0000e166      0x357 ..\obj\stm32f4xx_exti.o
 .debug_info    0x0000e4bd      0x541 ..\obj\misc.o
 .debug_info    0x0000e9fe     0x1023 ..\obj\usb_dcd.o
 .debug_info    0x0000fa21      0x82d ..\obj\tm_stm32f4_gpio.o
 .debug_info    0x0001024e      0xcbb ..\obj\usbd_ioreq.o

.debug_abbrev   0x00000000     0x2b30
 .debug_abbrev  0x00000000      0x2eb ..\obj\usb_core.o
 .debug_abbrev  0x000002eb       0xdd ..\obj\usbd_usr.o
 .debug_abbrev  0x000003c8       0xf0 ..\obj\tm_stm32f4_disco.o
 .debug_abbrev  0x000004b8       0xb0 ..\obj\startup_stm32f4xx.o
 .debug_abbrev  0x00000568      0x21f ..\obj\usbd_core.o
 .debug_abbrev  0x00000787      0x2bd ..\obj\main.o
 .debug_abbrev  0x00000a44      0x1e5 ..\obj\stm32f4xx_rcc.o
 .debug_abbrev  0x00000c29      0x1c3 ..\obj\tm_stm32f4_lis302dl_lis3dsh.o
 .debug_abbrev  0x00000dec      0x2cf ..\obj\tm_stm32f4_delay.o
 .debug_abbrev  0x000010bb      0x12c ..\obj\usbd_desc.o
 .debug_abbrev  0x000011e7      0x1e6 ..\obj\tm_stm32f4_spi.o
 .debug_abbrev  0x000013cd      0x1a7 ..\obj\stm32f4xx_gpio.o
 .debug_abbrev  0x00001574      0x18b ..\obj\usbd_cdc_vcp.o
 .debug_abbrev  0x000016ff      0x138 ..\obj\system_stm32f4xx.o
 .debug_abbrev  0x00001837      0x23a ..\obj\usb_bsp.o
 .debug_abbrev  0x00001a71      0x295 ..\obj\usbd_req.o
 .debug_abbrev  0x00001d06      0x25d ..\obj\usb_dcd_int.o
 .debug_abbrev  0x00001f63      0x217 ..\obj\usbd_cdc_core.o
 .debug_abbrev  0x0000217a      0x169 ..\obj\stm32f4xx_spi.o
 .debug_abbrev  0x000022e3      0x1a9 ..\obj\stm32f4xx_exti.o
 .debug_abbrev  0x0000248c      0x147 ..\obj\misc.o
 .debug_abbrev  0x000025d3      0x25b ..\obj\usb_dcd.o
 .debug_abbrev  0x0000282e      0x151 ..\obj\tm_stm32f4_gpio.o
 .debug_abbrev  0x0000297f      0x1b1 ..\obj\usbd_ioreq.o

.debug_aranges  0x00000000      0xc08
 .debug_aranges
                0x00000000      0x138 ..\obj\usb_core.o
 .debug_aranges
                0x00000138       0x50 ..\obj\usbd_usr.o
 .debug_aranges
                0x00000188       0x38 ..\obj\tm_stm32f4_disco.o
 .debug_aranges
                0x000001c0       0x28 ..\obj\startup_stm32f4xx.o
 .debug_aranges
                0x000001e8       0x80 ..\obj\usbd_core.o
 .debug_aranges
                0x00000268       0x90 ..\obj\main.o
 .debug_aranges
                0x000002f8      0x178 ..\obj\stm32f4xx_rcc.o
 .debug_aranges
                0x00000470       0x78 ..\obj\tm_stm32f4_lis302dl_lis3dsh.o
 .debug_aranges
                0x000004e8       0x80 ..\obj\tm_stm32f4_delay.o
 .debug_aranges
                0x00000568       0x50 ..\obj\usbd_desc.o
 .debug_aranges
                0x000005b8       0x98 ..\obj\tm_stm32f4_spi.o
 .debug_aranges
                0x00000650       0x88 ..\obj\stm32f4xx_gpio.o
 .debug_aranges
                0x000006d8       0x70 ..\obj\usbd_cdc_vcp.o
 .debug_aranges
                0x00000748       0x30 ..\obj\system_stm32f4xx.o
 .debug_aranges
                0x00000778       0x48 ..\obj\usb_bsp.o
 .debug_aranges
                0x000007c0       0x88 ..\obj\usbd_req.o
 .debug_aranges
                0x00000848       0x80 ..\obj\usb_dcd_int.o
 .debug_aranges
                0x000008c8       0x60 ..\obj\usbd_cdc_core.o
 .debug_aranges
                0x00000928       0xe0 ..\obj\stm32f4xx_spi.o
 .debug_aranges
                0x00000a08       0x58 ..\obj\stm32f4xx_exti.o
 .debug_aranges
                0x00000a60       0x40 ..\obj\misc.o
 .debug_aranges
                0x00000aa0       0x80 ..\obj\usb_dcd.o
 .debug_aranges
                0x00000b20       0x98 ..\obj\tm_stm32f4_gpio.o
 .debug_aranges
                0x00000bb8       0x50 ..\obj\usbd_ioreq.o

.debug_ranges   0x00000000      0xa88
 .debug_ranges  0x00000000      0x128 ..\obj\usb_core.o
 .debug_ranges  0x00000128       0x40 ..\obj\usbd_usr.o
 .debug_ranges  0x00000168       0x28 ..\obj\tm_stm32f4_disco.o
 .debug_ranges  0x00000190       0x18 ..\obj\startup_stm32f4xx.o
 .debug_ranges  0x000001a8       0x70 ..\obj\usbd_core.o
 .debug_ranges  0x00000218       0x80 ..\obj\main.o
 .debug_ranges  0x00000298      0x168 ..\obj\stm32f4xx_rcc.o
 .debug_ranges  0x00000400       0x68 ..\obj\tm_stm32f4_lis302dl_lis3dsh.o
 .debug_ranges  0x00000468       0x70 ..\obj\tm_stm32f4_delay.o
 .debug_ranges  0x000004d8       0x40 ..\obj\usbd_desc.o
 .debug_ranges  0x00000518       0x88 ..\obj\tm_stm32f4_spi.o
 .debug_ranges  0x000005a0       0x78 ..\obj\stm32f4xx_gpio.o
 .debug_ranges  0x00000618       0x60 ..\obj\usbd_cdc_vcp.o
 .debug_ranges  0x00000678       0x20 ..\obj\system_stm32f4xx.o
 .debug_ranges  0x00000698       0x38 ..\obj\usb_bsp.o
 .debug_ranges  0x000006d0       0x78 ..\obj\usbd_req.o
 .debug_ranges  0x00000748       0x70 ..\obj\usb_dcd_int.o
 .debug_ranges  0x000007b8       0x50 ..\obj\usbd_cdc_core.o
 .debug_ranges  0x00000808       0xd0 ..\obj\stm32f4xx_spi.o
 .debug_ranges  0x000008d8       0x48 ..\obj\stm32f4xx_exti.o
 .debug_ranges  0x00000920       0x30 ..\obj\misc.o
 .debug_ranges  0x00000950       0x70 ..\obj\usb_dcd.o
 .debug_ranges  0x000009c0       0x88 ..\obj\tm_stm32f4_gpio.o
 .debug_ranges  0x00000a48       0x40 ..\obj\usbd_ioreq.o

.debug_line     0x00000000     0x4e62
 .debug_line    0x00000000      0x6de ..\obj\usb_core.o
 .debug_line    0x000006de      0x200 ..\obj\usbd_usr.o
 .debug_line    0x000008de      0x1f2 ..\obj\tm_stm32f4_disco.o
 .debug_line    0x00000ad0       0x97 ..\obj\startup_stm32f4xx.o
 .debug_line    0x00000b67      0x32a ..\obj\usbd_core.o
 .debug_line    0x00000e91      0x4a7 ..\obj\main.o
 .debug_line    0x00001338      0x59d ..\obj\stm32f4xx_rcc.o
 .debug_line    0x000018d5      0x3b9 ..\obj\tm_stm32f4_lis302dl_lis3dsh.o
 .debug_line    0x00001c8e      0x366 ..\obj\tm_stm32f4_delay.o
 .debug_line    0x00001ff4      0x224 ..\obj\usbd_desc.o
 .debug_line    0x00002218      0x4be ..\obj\tm_stm32f4_spi.o
 .debug_line    0x000026d6      0x358 ..\obj\stm32f4xx_gpio.o
 .debug_line    0x00002a2e      0x317 ..\obj\usbd_cdc_vcp.o
 .debug_line    0x00002d45      0x1ee ..\obj\system_stm32f4xx.o
 .debug_line    0x00002f33      0x2a7 ..\obj\usb_bsp.o
 .debug_line    0x000031da      0x412 ..\obj\usbd_req.o
 .debug_line    0x000035ec      0x39e ..\obj\usb_dcd_int.o
 .debug_line    0x0000398a      0x2e0 ..\obj\usbd_cdc_core.o
 .debug_line    0x00003c6a      0x451 ..\obj\stm32f4xx_spi.o
 .debug_line    0x000040bb      0x299 ..\obj\stm32f4xx_exti.o
 .debug_line    0x00004354      0x236 ..\obj\misc.o
 .debug_line    0x0000458a      0x329 ..\obj\usb_dcd.o
 .debug_line    0x000048b3      0x371 ..\obj\tm_stm32f4_gpio.o
 .debug_line    0x00004c24      0x23e ..\obj\usbd_ioreq.o

.debug_str      0x00000000     0x4637
 .debug_str     0x00000000     0x131b ..\obj\usb_core.o
                               0x1681 (size before relaxing)
 .debug_str     0x0000131b       0xdb ..\obj\usbd_usr.o
                                0x2a1 (size before relaxing)
 .debug_str     0x000013f6      0x1cb ..\obj\tm_stm32f4_disco.o
                                0x32d (size before relaxing)
 .debug_str     0x000015c1       0xa6 ..\obj\startup_stm32f4xx.o
                                0x13d (size before relaxing)
 .debug_str     0x00001667      0x184 ..\obj\usbd_core.o
                                0xac7 (size before relaxing)
 .debug_str     0x000017eb      0xa49 ..\obj\main.o
                               0x140c (size before relaxing)
 .debug_str     0x00002234      0x669 ..\obj\stm32f4xx_rcc.o
                                0x846 (size before relaxing)
 .debug_str     0x0000289d      0x308 ..\obj\tm_stm32f4_lis302dl_lis3dsh.o
                                0x895 (size before relaxing)
 .debug_str     0x00002ba5      0x1f4 ..\obj\tm_stm32f4_delay.o
                                0x9c2 (size before relaxing)
 .debug_str     0x00002d99      0x14b ..\obj\usbd_desc.o
                                0x37a (size before relaxing)
 .debug_str     0x00002ee4      0x2f9 ..\obj\tm_stm32f4_spi.o
                                0x747 (size before relaxing)
 .debug_str     0x000031dd      0x16e ..\obj\stm32f4xx_gpio.o
                                0x499 (size before relaxing)
 .debug_str     0x0000334b      0x22e ..\obj\usbd_cdc_vcp.o
                                0x3ac (size before relaxing)
 .debug_str     0x00003579       0xaa ..\obj\system_stm32f4xx.o
                                0x3a0 (size before relaxing)
 .debug_str     0x00003623      0x158 ..\obj\usb_bsp.o
                               0x10c8 (size before relaxing)
 .debug_str     0x0000377b      0x16a ..\obj\usbd_req.o
                                0xaf2 (size before relaxing)
 .debug_str     0x000038e5      0x27f ..\obj\usb_dcd_int.o
                               0x127f (size before relaxing)
 .debug_str     0x00003b64      0x187 ..\obj\usbd_cdc_core.o
                                0xb0f (size before relaxing)
 .debug_str     0x00003ceb      0x2e3 ..\obj\stm32f4xx_spi.o
                                0x680 (size before relaxing)
 .debug_str     0x00003fce      0x1c3 ..\obj\stm32f4xx_exti.o
                                0x34f (size before relaxing)
 .debug_str     0x00004191      0x109 ..\obj\misc.o
                                0x3c4 (size before relaxing)
 .debug_str     0x0000429a      0x105 ..\obj\usb_dcd.o
                                0xb21 (size before relaxing)
 .debug_str     0x0000439f      0x1d8 ..\obj\tm_stm32f4_gpio.o
                                0x59f (size before relaxing)
 .debug_str     0x00004577       0xc0 ..\obj\usbd_ioreq.o
                                0x9b1 (size before relaxing)

.comment        0x00000000       0x6e
 .comment       0x00000000       0x6e ..\obj\usb_core.o
                                 0x6f (size before relaxing)
 .comment       0x0000006e       0x6f ..\obj\usbd_usr.o
 .comment       0x0000006e       0x6f ..\obj\tm_stm32f4_disco.o
 .comment       0x0000006e       0x6f ..\obj\startup_stm32f4xx.o
 .comment       0x0000006e       0x6f ..\obj\usbd_core.o
 .comment       0x0000006e       0x6f ..\obj\main.o
 .comment       0x0000006e       0x6f ..\obj\stm32f4xx_rcc.o
 .comment       0x0000006e       0x6f ..\obj\tm_stm32f4_lis302dl_lis3dsh.o
 .comment       0x0000006e       0x6f ..\obj\tm_stm32f4_delay.o
 .comment       0x0000006e       0x6f ..\obj\usbd_desc.o
 .comment       0x0000006e       0x6f ..\obj\tm_stm32f4_spi.o
 .comment       0x0000006e       0x6f ..\obj\stm32f4xx_gpio.o
 .comment       0x0000006e       0x6f ..\obj\usbd_cdc_vcp.o
 .comment       0x0000006e       0x6f ..\obj\system_stm32f4xx.o
 .comment       0x0000006e       0x6f ..\obj\usb_bsp.o
 .comment       0x0000006e       0x6f ..\obj\usbd_req.o
 .comment       0x0000006e       0x6f ..\obj\usb_dcd_int.o
 .comment       0x0000006e       0x6f ..\obj\usbd_cdc_core.o
 .comment       0x0000006e       0x6f ..\obj\stm32f4xx_spi.o
 .comment       0x0000006e       0x6f ..\obj\stm32f4xx_exti.o
 .comment       0x0000006e       0x6f ..\obj\misc.o
 .comment       0x0000006e       0x6f ..\obj\usb_dcd.o
 .comment       0x0000006e       0x6f ..\obj\tm_stm32f4_gpio.o
 .comment       0x0000006e       0x6f ..\obj\usbd_ioreq.o

.ARM.attributes
                0x00000000       0x33
 .ARM.attributes
                0x00000000       0x33 ..\obj\usb_core.o
 .ARM.attributes
                0x00000033       0x33 ..\obj\usbd_usr.o
 .ARM.attributes
                0x00000066       0x33 ..\obj\tm_stm32f4_disco.o
 .ARM.attributes
                0x00000099       0x33 ..\obj\startup_stm32f4xx.o
 .ARM.attributes
                0x000000cc       0x33 ..\obj\usbd_core.o
 .ARM.attributes
                0x000000ff       0x33 ..\obj\main.o
 .ARM.attributes
                0x00000132       0x33 ..\obj\stm32f4xx_rcc.o
 .ARM.attributes
                0x00000165       0x33 ..\obj\tm_stm32f4_lis302dl_lis3dsh.o
 .ARM.attributes
                0x00000198       0x33 ..\obj\tm_stm32f4_delay.o
 .ARM.attributes
                0x000001cb       0x33 ..\obj\usbd_desc.o
 .ARM.attributes
                0x000001fe       0x33 ..\obj\tm_stm32f4_spi.o
 .ARM.attributes
                0x00000231       0x33 ..\obj\stm32f4xx_gpio.o
 .ARM.attributes
                0x00000264       0x33 ..\obj\usbd_cdc_vcp.o
 .ARM.attributes
                0x00000297       0x33 ..\obj\system_stm32f4xx.o
 .ARM.attributes
                0x000002ca       0x33 ..\obj\usb_bsp.o
 .ARM.attributes
                0x000002fd       0x33 ..\obj\usbd_req.o
 .ARM.attributes
                0x00000330       0x33 ..\obj\usb_dcd_int.o
 .ARM.attributes
                0x00000363       0x33 ..\obj\usbd_cdc_core.o
 .ARM.attributes
                0x00000396       0x33 ..\obj\stm32f4xx_spi.o
 .ARM.attributes
                0x000003c9       0x33 ..\obj\stm32f4xx_exti.o
 .ARM.attributes
                0x000003fc       0x33 ..\obj\misc.o
 .ARM.attributes
                0x0000042f       0x33 ..\obj\usb_dcd.o
 .ARM.attributes
                0x00000462       0x33 ..\obj\tm_stm32f4_gpio.o
 .ARM.attributes
                0x00000495       0x33 ..\obj\usbd_ioreq.o
 .ARM.attributes
                0x000004c8       0x1e c:/program files (x86)/gnu tools arm embedded/5.2 2015q4/bin/../lib/gcc/arm-none-eabi/5.2.1/armv7e-m\libgcc.a(_arm_addsubsf3.o)
 .ARM.attributes
                0x000004e6       0x1e c:/program files (x86)/gnu tools arm embedded/5.2 2015q4/bin/../lib/gcc/arm-none-eabi/5.2.1/armv7e-m\libgcc.a(_arm_muldivsf3.o)
 .ARM.attributes
                0x00000504       0x1e c:/program files (x86)/gnu tools arm embedded/5.2 2015q4/bin/../lib/gcc/arm-none-eabi/5.2.1/armv7e-m\libgcc.a(_arm_fixsfsi.o)

.debug_frame    0x00000000     0x2f58
 .debug_frame   0x00000000      0x584 ..\obj\usb_core.o
 .debug_frame   0x00000584       0xf8 ..\obj\usbd_usr.o
 .debug_frame   0x0000067c       0x98 ..\obj\tm_stm32f4_disco.o
 .debug_frame   0x00000714       0x4c ..\obj\startup_stm32f4xx.o
 .debug_frame   0x00000760      0x1e8 ..\obj\usbd_core.o
 .debug_frame   0x00000948      0x1e4 ..\obj\main.o
 .debug_frame   0x00000b2c      0x6d4 ..\obj\stm32f4xx_rcc.o
 .debug_frame   0x00001200      0x1c8 ..\obj\tm_stm32f4_lis302dl_lis3dsh.o
 .debug_frame   0x000013c8      0x1ec ..\obj\tm_stm32f4_delay.o
 .debug_frame   0x000015b4      0x114 ..\obj\usbd_desc.o
 .debug_frame   0x000016c8      0x270 ..\obj\tm_stm32f4_spi.o
 .debug_frame   0x00001938      0x23c ..\obj\stm32f4xx_gpio.o
 .debug_frame   0x00001b74      0x1a4 ..\obj\usbd_cdc_vcp.o
 .debug_frame   0x00001d18       0x7c ..\obj\system_stm32f4xx.o
 .debug_frame   0x00001d94       0xf4 ..\obj\usb_bsp.o
 .debug_frame   0x00001e88      0x210 ..\obj\usbd_req.o
 .debug_frame   0x00002098      0x1e8 ..\obj\usb_dcd_int.o
 .debug_frame   0x00002280      0x158 ..\obj\usbd_cdc_core.o
 .debug_frame   0x000023d8      0x3f4 ..\obj\stm32f4xx_spi.o
 .debug_frame   0x000027cc      0x148 ..\obj\stm32f4xx_exti.o
 .debug_frame   0x00002914       0xd8 ..\obj\misc.o
 .debug_frame   0x000029ec      0x1e8 ..\obj\usb_dcd.o
 .debug_frame   0x00002bd4      0x274 ..\obj\tm_stm32f4_gpio.o
 .debug_frame   0x00002e48      0x110 ..\obj\usbd_ioreq.o
